Component: ARM Compiler 5.06 update 6 (build 750) Tool: armlink [4d35ed]

==============================================================================

Section Cross References

    startup_stm32f103xb.o(RESET) refers to startup_stm32f103xb.o(STACK) for __initial_sp
    startup_stm32f103xb.o(RESET) refers to startup_stm32f103xb.o(.text) for Reset_Handler
    startup_stm32f103xb.o(RESET) refers to stm32f1xx_it.o(i.NMI_Handler) for NMI_Handler
    startup_stm32f103xb.o(RESET) refers to stm32f1xx_it.o(i.HardFault_Handler) for HardFault_Handler
    startup_stm32f103xb.o(RESET) refers to stm32f1xx_it.o(i.MemManage_Handler) for MemManage_Handler
    startup_stm32f103xb.o(RESET) refers to stm32f1xx_it.o(i.BusFault_Handler) for BusFault_Handler
    startup_stm32f103xb.o(RESET) refers to stm32f1xx_it.o(i.UsageFault_Handler) for UsageFault_Handler
    startup_stm32f103xb.o(RESET) refers to stm32f1xx_it.o(i.SVC_Handler) for SVC_Handler
    startup_stm32f103xb.o(RESET) refers to stm32f1xx_it.o(i.DebugMon_Handler) for DebugMon_Handler
    startup_stm32f103xb.o(RESET) refers to stm32f1xx_it.o(i.PendSV_Handler) for PendSV_Handler
    startup_stm32f103xb.o(RESET) refers to stm32f1xx_it.o(i.SysTick_Handler) for SysTick_Handler
    startup_stm32f103xb.o(RESET) refers to stm32f1xx_it.o(i.USART1_IRQHandler) for USART1_IRQHandler
    startup_stm32f103xb.o(RESET) refers to stm32f1xx_it.o(i.EXTI15_10_IRQHandler) for EXTI15_10_IRQHandler
    startup_stm32f103xb.o(.text) refers to system_stm32f1xx.o(i.SystemInit) for SystemInit
    startup_stm32f103xb.o(.text) refers to entry.o(.ARM.Collect$$$$00000000) for __main
    main.o(i.HAL_GPIO_EXTI_Callback) refers to hcsr04.o(i.EXTI_HCSR04_Callback) for EXTI_HCSR04_Callback
    main.o(i.HAL_GPIO_EXTI_Callback) refers to main.o(.bss) for .bss
    main.o(i.HAL_UART_RxCpltCallback) refers to uart.o(i.Uart_Receive_Data) for Uart_Receive_Data
    main.o(i.HAL_UART_RxCpltCallback) refers to stm32f1xx_hal_uart.o(i.HAL_UART_Receive_IT) for HAL_UART_Receive_IT
    main.o(i.HAL_UART_RxCpltCallback) refers to main.o(.bss) for .bss
    main.o(i.HAL_UART_RxCpltCallback) refers to main.o(.data) for .data
    main.o(i.HCSR04_Complete_Callback) refers to liquidcrystal_i2c.o(i.lcd_clear_display) for lcd_clear_display
    main.o(i.HCSR04_Complete_Callback) refers to liquidcrystal_i2c.o(i.lcd_printf) for lcd_printf
    main.o(i.HCSR04_Complete_Callback) refers to liquidcrystal_i2c.o(i.lcd_set_cursor) for lcd_set_cursor
    main.o(i.HCSR04_Complete_Callback) refers to f2d.o(.text) for __aeabi_f2d
    main.o(i.HCSR04_Complete_Callback) refers to main.o(.bss) for .bss
    main.o(i.KeypadPressingCallback) refers to liquidcrystal_i2c.o(i.lcd_clear_display) for lcd_clear_display
    main.o(i.KeypadPressingCallback) refers to liquidcrystal_i2c.o(i.lcd_printf) for lcd_printf
    main.o(i.KeypadPressingCallback) refers to liquidcrystal_i2c.o(i.lcd_set_cursor_off) for lcd_set_cursor_off
    main.o(i.KeypadPressingCallback) refers to liquidcrystal_i2c.o(i.lcd_set_cursor_blink_off) for lcd_set_cursor_blink_off
    main.o(i.KeypadPressingCallback) refers to stm32f1xx_hal_uart.o(i.HAL_UART_Receive_IT) for HAL_UART_Receive_IT
    main.o(i.KeypadPressingCallback) refers to liquidcrystal_i2c.o(i.lcd_putchar) for lcd_putchar
    main.o(i.KeypadPressingCallback) refers to strncmp.o(.text) for strncmp
    main.o(i.KeypadPressingCallback) refers to liquidcrystal_i2c.o(i.lcd_set_cursor) for lcd_set_cursor
    main.o(i.KeypadPressingCallback) refers to stm32f1xx_hal.o(i.HAL_GetTick) for HAL_GetTick
    main.o(i.KeypadPressingCallback) refers to main.o(.data) for .data
    main.o(i.KeypadPressingCallback) refers to main.o(.bss) for .bss
    main.o(i.KeypadPressingTimeoutCallback) refers to liquidcrystal_i2c.o(i.lcd_clear_display) for lcd_clear_display
    main.o(i.KeypadPressingTimeoutCallback) refers to liquidcrystal_i2c.o(i.lcd_printf) for lcd_printf
    main.o(i.KeypadPressingTimeoutCallback) refers to liquidcrystal_i2c.o(i.lcd_set_cursor) for lcd_set_cursor
    main.o(i.KeypadPressingTimeoutCallback) refers to liquidcrystal_i2c.o(i.lcd_set_cursor_on) for lcd_set_cursor_on
    main.o(i.KeypadPressingTimeoutCallback) refers to liquidcrystal_i2c.o(i.lcd_set_cursor_blink_on) for lcd_set_cursor_blink_on
    main.o(i.KeypadPressingTimeoutCallback) refers to main.o(.bss) for .bss
    main.o(i.KeypadPressingTimeoutCallback) refers to main.o(.data) for .data
    main.o(i.Keypad_State_Handle) refers to stm32f1xx_hal.o(i.HAL_GetTick) for HAL_GetTick
    main.o(i.Keypad_State_Handle) refers to liquidcrystal_i2c.o(i.lcd_clear_display) for lcd_clear_display
    main.o(i.Keypad_State_Handle) refers to liquidcrystal_i2c.o(i.lcd_printf) for lcd_printf
    main.o(i.Keypad_State_Handle) refers to liquidcrystal_i2c.o(i.lcd_set_cursor) for lcd_set_cursor
    main.o(i.Keypad_State_Handle) refers to hcsr04.o(i.HCSR04_Start) for HCSR04_Start
[...]
    ../Drivers/STM32F1xx_HAL_Driver/Src/stm32f1xx_hal_cortex.c 0x00000000   Number         0  stm32f1xx_hal_cortex.o ABSOLUTE
    ../Drivers/STM32F1xx_HAL_Driver/Src/stm32f1xx_hal_dma.c 0x00000000   Number         0  stm32f1xx_hal_dma.o ABSOLUTE
    ../Drivers/STM32F1xx_HAL_Driver/Src/stm32f1xx_hal_exti.c 0x00000000   Number         0  stm32f1xx_hal_exti.o ABSOLUTE
    ../Drivers/STM32F1xx_HAL_Driver/Src/stm32f1xx_hal_flash.c 0x00000000   Number         0  stm32f1xx_hal_flash.o ABSOLUTE
    ../Drivers/STM32F1xx_HAL_Driver/Src/stm32f1xx_hal_flash_ex.c 0x00000000   Number         0  stm32f1xx_hal_flash_ex.o ABSOLUTE
    ../Drivers/STM32F1xx_HAL_Driver/Src/stm32f1xx_hal_gpio.c 0x00000000   Number         0  stm32f1xx_hal_gpio.o ABSOLUTE
    ../Drivers/STM32F1xx_HAL_Driver/Src/stm32f1xx_hal_gpio_ex.c 0x00000000   Number         0  stm32f1xx_hal_gpio_ex.o ABSOLUTE
    ../Drivers/STM32F1xx_HAL_Driver/Src/stm32f1xx_hal_i2c.c 0x00000000   Number         0  stm32f1xx_hal_i2c.o ABSOLUTE
    ../Drivers/STM32F1xx_HAL_Driver/Src/stm32f1xx_hal_pwr.c 0x00000000   Number         0  stm32f1xx_hal_pwr.o ABSOLUTE
    ../Drivers/STM32F1xx_HAL_Driver/Src/stm32f1xx_hal_rcc.c 0x00000000   Number         0  stm32f1xx_hal_rcc.o ABSOLUTE
    ../Drivers/STM32F1xx_HAL_Driver/Src/stm32f1xx_hal_rcc_ex.c 0x00000000   Number         0  stm32f1xx_hal_rcc_ex.o ABSOLUTE
    ../Drivers/STM32F1xx_HAL_Driver/Src/stm32f1xx_hal_tim.c 0x00000000   Number         0  stm32f1xx_hal_tim.o ABSOLUTE
    ../Drivers/STM32F1xx_HAL_Driver/Src/stm32f1xx_hal_tim_ex.c 0x00000000   Number         0  stm32f1xx_hal_tim_ex.o ABSOLUTE
    ../Drivers/STM32F1xx_HAL_Driver/Src/stm32f1xx_hal_uart.c 0x00000000   Number         0  stm32f1xx_hal_uart.o ABSOLUTE
    ../clib/microlib/ctype/ctype.c           0x00000000   Number         0  isxdigit_o.o ABSOLUTE
    ../clib/microlib/ctype/ctype.c           0x00000000   Number         0  isupper_o.o ABSOLUTE
    ../clib/microlib/ctype/ctype.c           0x00000000   Number         0  isspace_o.o ABSOLUTE
    ../clib/microlib/ctype/ctype.c           0x00000000   Number         0  ispunct_o.o ABSOLUTE
    ../clib/microlib/ctype/ctype.c           0x00000000   Number         0  isgraph_o.o ABSOLUTE
    ../clib/microlib/ctype/ctype.c           0x00000000   Number         0  isdigit_o.o ABSOLUTE
    ../clib/microlib/ctype/ctype.c           0x00000000   Number         0  iscntrl_o.o ABSOLUTE
    ../clib/microlib/ctype/ctype.c           0x00000000   Number         0  isblank_o.o ABSOLUTE
    ../clib/microlib/ctype/ctype.c           0x00000000   Number         0  isprint_o.o ABSOLUTE
    ../clib/microlib/ctype/ctype.c           0x00000000   Number         0  isalpha_o.o ABSOLUTE
    ../clib/microlib/ctype/ctype.c           0x00000000   Number         0  isalnum_o.o ABSOLUTE
    ../clib/microlib/ctype/ctype.c           0x00000000   Number         0  ctype_o.o ABSOLUTE
    ../clib/microlib/ctype/ctype.c           0x00000000   Number         0  islower_o.o ABSOLUTE
    ../clib/microlib/division.c              0x00000000   Number         0  uldiv.o ABSOLUTE
    ../clib/microlib/division.c              0x00000000   Number         0  uidiv.o ABSOLUTE
    ../clib/microlib/errno.c                 0x00000000   Number         0  errno.o ABSOLUTE
    ../clib/microlib/init/entry.s            0x00000000   Number         0  entry8b.o ABSOLUTE
    ../clib/microlib/init/entry.s            0x00000000   Number         0  entry8a.o ABSOLUTE
    ../clib/microlib/init/entry.s            0x00000000   Number         0  entry7b.o ABSOLUTE
    ../clib/microlib/init/entry.s            0x00000000   Number         0  entry7a.o ABSOLUTE
    ../clib/microlib/init/entry.s            0x00000000   Number         0  entry5.o ABSOLUTE
    ../clib/microlib/init/entry.s            0x00000000   Number         0  entry.o ABSOLUTE
    ../clib/microlib/init/entry.s            0x00000000   Number         0  entry11b.o ABSOLUTE
    ../clib/microlib/init/entry.s            0x00000000   Number         0  entry11a.o ABSOLUTE
    ../clib/microlib/init/entry.s            0x00000000   Number         0  entry10b.o ABSOLUTE
    ../clib/microlib/init/entry.s            0x00000000   Number         0  entry10a.o ABSOLUTE
    ../clib/microlib/init/entry.s            0x00000000   Number         0  entry2.o ABSOLUTE
    ../clib/microlib/init/entry.s            0x00000000   Number         0  entry9b.o ABSOLUTE
    ../clib/microlib/init/entry.s            0x00000000   Number         0  entry9a.o ABSOLUTE
    ../clib/microlib/longlong.c              0x00000000   Number         0  llushr.o ABSOLUTE
    ../clib/microlib/longlong.c              0x00000000   Number         0  llsshr.o ABSOLUTE
    ../clib/microlib/longlong.c              0x00000000   Number         0  llshl.o ABSOLUTE
    ../clib/microlib/printf/printf.c         0x00000000   Number         0  printfa.o ABSOLUTE
    ../clib/microlib/stdio/fputc.c           0x00000000   Number         0  fputc.o ABSOLUTE
    ../clib/microlib/stdio/semi.s            0x00000000   Number         0  semi.o ABSOLUTE
    ../clib/microlib/stdio/streams.c         0x00000000   Number         0  stdout.o ABSOLUTE
    ../clib/microlib/string/memset.c         0x00000000   Number         0  memseta.o ABSOLUTE
    ../clib/microlib/string/strlen.c         0x00000000   Number         0  strlen.o ABSOLUTE
    ../clib/microlib/string/strncmp.c        0x00000000   Number         0  strncmp.o ABSOLUTE
    ../clib/microlib/string/strtok.c         0x00000000   Number         0  strtok.o ABSOLUTE
    ../clib/microlib/string/strtok.c         0x00000000   Number         0  strtok_r.o ABSOLUTE
    ../clib/microlib/stubs.s                 0x00000000   Number         0  iusesemip.o ABSOLUTE
    ../clib/microlib/stubs.s                 0x00000000   Number         0  iusefp.o ABSOLUTE
    ../clib/scanf.c                          0x00000000   Number         0  _chval.o ABSOLUTE
    ../clib/scanf.c                          0x00000000   Number         0  _strtoul.o ABSOLUTE
    ../clib/scanf.c                          0x00000000   Number         0  strtol.o ABSOLUTE
    ../clib/scanf.c                          0x00000000   Number         0  atoi.o ABSOLUTE
    ../fplib/microlib/d2f.c                  0x00000000   Number         0  d2f.o ABSOLUTE
    ../fplib/microlib/f2d.c                  0x00000000   Number         0  f2d.o ABSOLUTE
    ../fplib/microlib/fpadd.c                0x00000000   Number         0  dadd.o ABSOLUTE
    ../fplib/microlib/fpdiv.c                0x00000000   Number         0  ddiv.o ABSOLUTE
    ../fplib/microlib/fpepilogue.c           0x00000000   Number         0  depilogue.o ABSOLUTE
    ../fplib/microlib/fpepilogue.c           0x00000000   Number         0  fepilogue.o ABSOLUTE
    ../fplib/microlib/fpfix.c                0x00000000   Number         0  dfixul.o ABSOLUTE
    ../fplib/microlib/fpflt.c                0x00000000   Number         0  dfltui.o ABSOLUTE
    ../fplib/microlib/fpmul.c                0x00000000   Number         0  dmul.o ABSOLUTE
    ..\Core\Src\main.c                       0x00000000   Number         0  main.o ABSOLUTE
    ..\Core\Src\stm32f1xx_hal_msp.c          0x00000000   Number         0  stm32f1xx_hal_msp.o ABSOLUTE
    ..\Core\Src\stm32f1xx_it.c               0x00000000   Number         0  stm32f1xx_it.o ABSOLUTE
    ..\Core\Src\system_stm32f1xx.c           0x00000000   Number         0  system_stm32f1xx.o ABSOLUTE
    ..\Drivers\STM32F1xx_HAL_Driver\Src\stm32f1xx_hal.c 0x00000000   Number         0  stm32f1xx_hal.o ABSOLUTE
    ..\Drivers\STM32F1xx_HAL_Driver\Src\stm32f1xx_hal_cortex.c 0x00000000   Number         0  stm32f1xx_hal_cortex.o ABSOLUTE
    ..\Drivers\STM32F1xx_HAL_Driver\Src\stm32f1xx_hal_dma.c 0x00000000   Number         0  stm32f1xx_hal_dma.o ABSOLUTE
    ..\Drivers\STM32F1xx_HAL_Driver\Src\stm32f1xx_hal_exti.c 0x00000000   Number         0  stm32f1xx_hal_exti.o ABSOLUTE
    ..\Drivers\STM32F1xx_HAL_Driver\Src\stm32f1xx_hal_flash.c 0x00000000   Number         0  stm32f1xx_hal_flash.o ABSOLUTE
    ..\Drivers\STM32F1xx_HAL_Driver\Src\stm32f1xx_hal_flash_ex.c 0x00000000   Number         0  stm32f1xx_hal_flash_ex.o ABSOLUTE
    ..\Drivers\STM32F1xx_HAL_Driver\Src\stm32f1xx_hal_gpio.c 0x00000000   Number         0  stm32f1xx_hal_gpio.o ABSOLUTE
    ..\Drivers\STM32F1xx_HAL_Driver\Src\stm32f1xx_hal_gpio_ex.c 0x00000000   Number         0  stm32f1xx_hal_gpio_ex.o ABSOLUTE
    ..\Drivers\STM32F1xx_HAL_Driver\Src\stm32f1xx_hal_i2c.c 0x00000000   Number         0  stm32f1xx_hal_i2c.o ABSOLUTE
    ..\Drivers\STM32F1xx_HAL_Driver\Src\stm32f1xx_hal_pwr.c 0x00000000   Number         0  stm32f1xx_hal_pwr.o ABSOLUTE
    ..\Drivers\STM32F1xx_HAL_Driver\Src\stm32f1xx_hal_rcc.c 0x00000000   Number         0  stm32f1xx_hal_rcc.o ABSOLUTE
    ..\Drivers\STM32F1xx_HAL_Driver\Src\stm32f1xx_hal_rcc_ex.c 0x00000000   Number         0  stm32f1xx_hal_rcc_ex.o ABSOLUTE
    ..\Drivers\STM32F1xx_HAL_Driver\Src\stm32f1xx_hal_tim.c 0x00000000   Number         0  stm32f1xx_hal_tim.o ABSOLUTE
    ..\Drivers\STM32F1xx_HAL_Driver\Src\stm32f1xx_hal_tim_ex.c 0x00000000   Number         0  stm32f1xx_hal_tim_ex.o ABSOLUTE
    ..\Drivers\STM32F1xx_HAL_Driver\Src\stm32f1xx_hal_uart.c 0x00000000   Number         0  stm32f1xx_hal_uart.o ABSOLUTE
    ..\MyLib\LiquidCrystal_I2C.c             0x00000000   Number         0  liquidcrystal_i2c.o ABSOLUTE
    ..\MyLib\Motor.c                         0x00000000   Number         0  motor.o ABSOLUTE
    ..\MyLib\PWM.c                           0x00000000   Number         0  pwm.o ABSOLUTE
    ..\MyLib\arm_driver.c                    0x00000000   Number         0  arm_driver.o ABSOLUTE
    ..\MyLib\car_auto.c                      0x00000000   Number         0  car_auto.o ABSOLUTE
    ..\MyLib\car_driver.c                    0x00000000   Number         0  car_driver.o ABSOLUTE
    ..\MyLib\car_remote.c                    0x00000000   Number         0  car_remote.o ABSOLUTE
    ..\MyLib\hcsr04.c                        0x00000000   Number         0  hcsr04.o ABSOLUTE
    ..\MyLib\ir_sensor.c                     0x00000000   Number         0  ir_sensor.o ABSOLUTE
    ..\MyLib\keypad.c                        0x00000000   Number         0  keypad.o ABSOLUTE
    ..\MyLib\servo.c                         0x00000000   Number         0  servo.o ABSOLUTE
    ..\MyLib\uart.c                          0x00000000   Number         0  uart.o ABSOLUTE
    ..\\MyLib\\LiquidCrystal_I2C.c           0x00000000   Number         0  liquidcrystal_i2c.o ABSOLUTE
    ..\\MyLib\\Motor.c                       0x00000000   Number         0  motor.o ABSOLUTE
    ..\\MyLib\\PWM.c                         0x00000000   Number         0  pwm.o ABSOLUTE
    ..\\MyLib\\arm_driver.c                  0x00000000   Number         0  arm_driver.o ABSOLUTE
    ..\\MyLib\\car_driver.c                  0x00000000   Number         0  car_driver.o ABSOLUTE
    ..\\MyLib\\car_remote.c                  0x00000000   Number         0  car_remote.o ABSOLUTE
    ..\\MyLib\\hcsr04.c                      0x00000000   Number         0  hcsr04.o ABSOLUTE
    ..\\MyLib\\ir_sensor.c                   0x00000000   Number         0  ir_sensor.o ABSOLUTE
    ..\\MyLib\\keypad.c                      0x00000000   Number         0  keypad.o ABSOLUTE
    ..\\MyLib\\servo.c                       0x00000000   Number         0  servo.o ABSOLUTE
    cdrcmple.s                               0x00000000   Number         0  cdrcmple.o ABSOLUTE
    dc.s                                     0x00000000   Number         0  dc.o ABSOLUTE
    handlers.s                               0x00000000   Number         0  handlers.o ABSOLUTE
    init.s                                   0x00000000   Number         0  init.o ABSOLUTE
    startup_stm32f103xb.s                    0x00000000   Number         0  startup_stm32f103xb.o ABSOLUTE
    RESET                                    0x08000000   Section      236  startup_stm32f103xb.o(RESET)
    .ARM.Collect$$$$00000000                 0x080000ec   Section        0  entry.o(.ARM.Collect$$$$00000000)
    .ARM.Collect$$$$00000001                 0x080000ec   Section        4  entry2.o(.ARM.Collect$$$$00000001)
    .ARM.Collect$$$$00000004                 0x080000f0   Section        4  entry5.o(.ARM.Collect$$$$00000004)
    .ARM.Collect$$$$00000008                 0x080000f4   Section        0  entry7b.o(.ARM.Collect$$$$00000008)
    .ARM.Collect$$$$0000000A                 0x080000f4   Section        0  entry8b.o(.ARM.Collect$$$$0000000A)
    .ARM.Collect$$$$0000000B                 0x080000f4   Section        8  entry9a.o(.ARM.Collect$$$$0000000B)
    .ARM.Collect$$$$0000000D                 0x080000fc   Section        0  entry10a.o(.ARM.Collect$$$$0000000D)
    .ARM.Collect$$$$0000000F                 0x080000fc   Section        0  entry11a.o(.ARM.Collect$$$$0000000F)
    .ARM.Collect$$$$00002712                 0x080000fc   Section        4  entry2.o(.ARM.Collect$$$$00002712)
    __lit__00000000                          0x080000fc   Data           4  entry2.o(.ARM.Collect$$$$00002712)
    .text                                    0x08000100   Section       36  startup_stm32f103xb.o(.text)
    .text                                    0x08000124   Section        0  llushr.o(.text)
    .text                                    0x08000144   Section        0  memseta.o(.text)
    .text                                    0x08000168   Section        0  strlen.o(.text)
    .text                                    0x08000176   Section        0  strncmp.o(.text)
    .text                                    0x08000194   Section        0  strtok.o(.text)
    .text                                    0x080001d8   Section        0  atoi.o(.text)
    .text                                    0x080001f2   Section        0  dmul.o(.text)
    .text                                    0x080002d6   Section        0  dfltui.o(.text)
    .text                                    0x080002f0   Section        0  f2d.o(.text)
    .text                                    0x08000316   Section        0  d2f.o(.text)
    .text                                    0x0800034e   Section        0  uidiv.o(.text)
    .text                                    0x0800037a   Section        0  uldiv.o(.text)
    .text                                    0x080003dc   Section        0  strtol.o(.text)
    .text                                    0x0800044c   Section        0  iusefp.o(.text)
    .text                                    0x0800044c   Section        0  fepilogue.o(.text)
    .text                                    0x080004ba   Section        0  depilogue.o(.text)
    .text                                    0x08000574   Section        0  dadd.o(.text)
    .text                                    0x080006c2   Section        0  ddiv.o(.text)
    .text                                    0x080007a0   Section        0  dfixul.o(.text)
    .text                                    0x080007d0   Section       48  cdrcmple.o(.text)
    .text                                    0x08000800   Section       36  init.o(.text)
    .text                                    0x08000824   Section        0  llshl.o(.text)
    .text                                    0x08000842   Section        0  llsshr.o(.text)
    .text                                    0x08000868   Section        0  ctype_o.o(.text)
    .text                                    0x08000870   Section        0  _strtoul.o(.text)
    .text                                    0x0800090e   Section        0  _chval.o(.text)
    i.Arm_Control_by_Step                    0x0800092a   Section        0  arm_driver.o(i.Arm_Control_by_Step)
    i.Arm_Robot_Init                         0x08000986   Section        0  arm_driver.o(i.Arm_Robot_Init)
    i.BusFault_Handler                       0x080009c0   Section        0  stm32f1xx_it.o(i.BusFault_Handler)
    i.Car_Control                            0x080009c4   Section        0  car_driver.o(i.Car_Control)
    i.Car_Control_Wheels                     0x08000a60   Section        0  car_driver.o(i.Car_Control_Wheels)
    i.Car_Init                               0x08000a9c   Section        0  car_driver.o(i.Car_Init)
    i.DebugMon_Handler                       0x08000ad8   Section        0  stm32f1xx_it.o(i.DebugMon_Handler)
    i.EXTI15_10_IRQHandler                   0x08000ada   Section        0  stm32f1xx_it.o(i.EXTI15_10_IRQHandler)
    i.EXTI_HCSR04_Callback                   0x08000ae2   Section        0  hcsr04.o(i.EXTI_HCSR04_Callback)
    i.HAL_DMA_Abort                          0x08000b32   Section        0  stm32f1xx_hal_dma.o(i.HAL_DMA_Abort)
    i.HAL_DMA_Abort_IT                       0x08000b78   Section        0  stm32f1xx_hal_dma.o(i.HAL_DMA_Abort_IT)
    i.HAL_Delay                              0x08000c10   Section        0  stm32f1xx_hal.o(i.HAL_Delay)
    i.HAL_GPIO_EXTI_Callback                 0x08000c34   Section        0  main.o(i.HAL_GPIO_EXTI_Callback)
    i.HAL_GPIO_EXTI_IRQHandler               0x08000c48   Section        0  stm32f1xx_hal_gpio.o(i.HAL_GPIO_EXTI_IRQHandler)
    i.HAL_GPIO_Init                          0x08000c60   Section        0  stm32f1xx_hal_gpio.o(i.HAL_GPIO_Init)
    i.HAL_GPIO_ReadPin                       0x08000e40   Section        0  stm32f1xx_hal_gpio.o(i.HAL_GPIO_ReadPin)
    i.HAL_GPIO_WritePin                      0x08000e4a   Section        0  stm32f1xx_hal_gpio.o(i.HAL_GPIO_WritePin)
    i.HAL_GetTick                            0x08000e54   Section        0  stm32f1xx_hal.o(i.HAL_GetTick)
    i.HAL_I2C_Init                           0x08000e60   Section        0  stm32f1xx_hal_i2c.o(i.HAL_I2C_Init)
    i.HAL_I2C_Master_Transmit                0x08000fe8   Section        0  stm32f1xx_hal_i2c.o(i.HAL_I2C_Master_Transmit)
    i.HAL_I2C_MspInit                        0x08001114   Section        0  stm32f1xx_hal_msp.o(i.HAL_I2C_MspInit)
    i.HAL_IncTick                            0x08001174   Section        0  stm32f1xx_hal.o(i.HAL_IncTick)
    i.HAL_Init                               0x08001184   Section        0  stm32f1xx_hal.o(i.HAL_Init)
    i.HAL_InitTick                           0x080011a8   Section        0  stm32f1xx_hal.o(i.HAL_InitTick)
    i.HAL_MspInit                            0x080011e8   Section        0  stm32f1xx_hal_msp.o(i.HAL_MspInit)
    i.HAL_NVIC_EnableIRQ                     0x08001224   Section        0  stm32f1xx_hal_cortex.o(i.HAL_NVIC_EnableIRQ)
    i.HAL_NVIC_SetPriority                   0x08001240   Section        0  stm32f1xx_hal_cortex.o(i.HAL_NVIC_SetPriority)
    i.HAL_NVIC_SetPriorityGrouping           0x08001280   Section        0  stm32f1xx_hal_cortex.o(i.HAL_NVIC_SetPriorityGrouping)
    i.HAL_RCC_ClockConfig                    0x080012a4   Section        0  stm32f1xx_hal_rcc.o(i.HAL_RCC_ClockConfig)
    i.HAL_RCC_GetPCLK1Freq                   0x080013d0   Section        0  stm32f1xx_hal_rcc.o(i.HAL_RCC_GetPCLK1Freq)
    i.HAL_RCC_GetPCLK2Freq                   0x080013f0   Section        0  stm32f1xx_hal_rcc.o(i.HAL_RCC_GetPCLK2Freq)
    i.HAL_RCC_GetSysClockFreq                0x08001410   Section        0  stm32f1xx_hal_rcc.o(i.HAL_RCC_GetSysClockFreq)
    i.HAL_RCC_OscConfig                      0x0800147c   Section        0  stm32f1xx_hal_rcc.o(i.HAL_RCC_OscConfig)
    i.HAL_SYSTICK_Config                     0x0800179c   Section        0  stm32f1xx_hal_cortex.o(i.HAL_SYSTICK_Config)
    i.HAL_TIMEx_ConfigBreakDeadTime          0x080017c4   Section        0  stm32f1xx_hal_tim_ex.o(i.HAL_TIMEx_ConfigBreakDeadTime)
    i.HAL_TIMEx_MasterConfigSynchronization  0x08001818   Section        0  stm32f1xx_hal_tim_ex.o(i.HAL_TIMEx_MasterConfigSynchronization)
    i.HAL_TIM_Base_Init                      0x08001880   Section        0  stm32f1xx_hal_tim.o(i.HAL_TIM_Base_Init)
    i.HAL_TIM_Base_MspInit                   0x080018dc   Section        0  stm32f1xx_hal_msp.o(i.HAL_TIM_Base_MspInit)
    i.HAL_TIM_Base_Start                     0x08001934   Section        0  stm32f1xx_hal_tim.o(i.HAL_TIM_Base_Start)
    i.HAL_TIM_Base_Stop                      0x08001984   Section        0  stm32f1xx_hal_tim.o(i.HAL_TIM_Base_Stop)
    i.HAL_TIM_ConfigClockSource              0x080019aa   Section        0  stm32f1xx_hal_tim.o(i.HAL_TIM_ConfigClockSource)
    i.HAL_TIM_MspPostInit                    0x08001a80   Section        0  stm32f1xx_hal_msp.o(i.HAL_TIM_MspPostInit)
    i.HAL_TIM_PWM_ConfigChannel              0x08001b14   Section        0  stm32f1xx_hal_tim.o(i.HAL_TIM_PWM_ConfigChannel)
    i.HAL_TIM_PWM_Init                       0x08001bda   Section        0  stm32f1xx_hal_tim.o(i.HAL_TIM_PWM_Init)
    i.HAL_TIM_PWM_MspInit                    0x08001c34   Section        0  stm32f1xx_hal_tim.o(i.HAL_TIM_PWM_MspInit)
    i.HAL_TIM_PWM_Start                      0x08001c38   Section        0  stm32f1xx_hal_tim.o(i.HAL_TIM_PWM_Start)
    i.HAL_UARTEx_RxEventCallback             0x08001cd4   Section        0  stm32f1xx_hal_uart.o(i.HAL_UARTEx_RxEventCallback)
    i.HAL_UART_ErrorCallback                 0x08001cd6   Section        0  stm32f1xx_hal_uart.o(i.HAL_UART_ErrorCallback)
    i.HAL_UART_IRQHandler                    0x08001cd8   Section        0  stm32f1xx_hal_uart.o(i.HAL_UART_IRQHandler)
    i.HAL_UART_Init                          0x08001ee4   Section        0  stm32f1xx_hal_uart.o(i.HAL_UART_Init)
    i.HAL_UART_MspInit                       0x08001f48   Section        0  stm32f1xx_hal_msp.o(i.HAL_UART_MspInit)
    i.HAL_UART_Receive_IT                    0x08001fd8   Section        0  stm32f1xx_hal_uart.o(i.HAL_UART_Receive_IT)
    i.HAL_UART_RxCpltCallback                0x08002004   Section        0  main.o(i.HAL_UART_RxCpltCallback)
    i.HAL_UART_TxCpltCallback                0x08002038   Section        0  stm32f1xx_hal_uart.o(i.HAL_UART_TxCpltCallback)
    i.HCSR04_Complete_Callback               0x0800203c   Section        0  main.o(i.HCSR04_Complete_Callback)
    i.HCSR04_Handle                          0x080020a0   Section        0  hcsr04.o(i.HCSR04_Handle)
    i.HCSR04_Init                            0x080020d8   Section        0  hcsr04.o(i.HCSR04_Init)
    i.HCSR04_Start                           0x080020f0   Section        0  hcsr04.o(i.HCSR04_Start)
    i.HardFault_Handler                      0x0800211c   Section        0  stm32f1xx_it.o(i.HardFault_Handler)
    i.I2C_IsAcknowledgeFailed                0x0800211e   Section        0  stm32f1xx_hal_i2c.o(i.I2C_IsAcknowledgeFailed)
    I2C_IsAcknowledgeFailed                  0x0800211f   Thumb Code    46  stm32f1xx_hal_i2c.o(i.I2C_IsAcknowledgeFailed)
    i.I2C_MasterRequestWrite                 0x0800214c   Section        0  stm32f1xx_hal_i2c.o(i.I2C_MasterRequestWrite)
    I2C_MasterRequestWrite                   0x0800214d   Thumb Code   150  stm32f1xx_hal_i2c.o(i.I2C_MasterRequestWrite)
    i.I2C_WaitOnBTFFlagUntilTimeout          0x080021e8   Section        0  stm32f1xx_hal_i2c.o(i.I2C_WaitOnBTFFlagUntilTimeout)
    I2C_WaitOnBTFFlagUntilTimeout            0x080021e9   Thumb Code    76  stm32f1xx_hal_i2c.o(i.I2C_WaitOnBTFFlagUntilTimeout)
    i.I2C_WaitOnFlagUntilTimeout             0x08002234   Section        0  stm32f1xx_hal_i2c.o(i.I2C_WaitOnFlagUntilTimeout)
    I2C_WaitOnFlagUntilTimeout               0x08002235   Thumb Code   104  stm32f1xx_hal_i2c.o(i.I2C_WaitOnFlagUntilTimeout)
    i.I2C_WaitOnMasterAddressFlagUntilTimeout 0x0800229c   Section        0  stm32f1xx_hal_i2c.o(i.I2C_WaitOnMasterAddressFlagUntilTimeout)
    I2C_WaitOnMasterAddressFlagUntilTimeout  0x0800229d   Thumb Code   150  stm32f1xx_hal_i2c.o(i.I2C_WaitOnMasterAddressFlagUntilTimeout)
    i.I2C_WaitOnTXEFlagUntilTimeout          0x08002332   Section        0  stm32f1xx_hal_i2c.o(i.I2C_WaitOnTXEFlagUntilTimeout)
    I2C_WaitOnTXEFlagUntilTimeout            0x08002333   Thumb Code    76  stm32f1xx_hal_i2c.o(i.I2C_WaitOnTXEFlagUntilTimeout)
    i.KeypadPressedShortCallback             0x0800237e   Section        0  keypad.o(i.KeypadPressedShortCallback)
    i.KeypadPressingCallback                 0x08002380   Section        0  main.o(i.KeypadPressingCallback)
    i.KeypadPressingTimeoutCallback          0x08002538   Section        0  main.o(i.KeypadPressingTimeoutCallback)
    i.KeypadReleaseCallback                  0x08002598   Section        0  keypad.o(i.KeypadReleaseCallback)
    i.Keypad_GetKey                          0x0800259c   Section        0  keypad.o(i.Keypad_GetKey)
    i.Keypad_Handle                          0x08002618   Section        0  keypad.o(i.Keypad_Handle)
    i.Keypad_State_Handle                    0x080026a8   Section        0  main.o(i.Keypad_State_Handle)
    i.MX_GPIO_Init                           0x080027b0   Section        0  main.o(i.MX_GPIO_Init)
    MX_GPIO_Init                             0x080027b1   Thumb Code   278  main.o(i.MX_GPIO_Init)
    i.MX_TIM1_Init                           0x080028dc   Section        0  main.o(i.MX_TIM1_Init)
    MX_TIM1_Init                             0x080028dd   Thumb Code   166  main.o(i.MX_TIM1_Init)
    i.MX_TIM2_Init                           0x0800298c   Section        0  main.o(i.MX_TIM2_Init)
    MX_TIM2_Init                             0x0800298d   Thumb Code    76  main.o(i.MX_TIM2_Init)
    i.MX_TIM3_Init                           0x080029dc   Section        0  main.o(i.MX_TIM3_Init)
    MX_TIM3_Init                             0x080029dd   Thumb Code   144  main.o(i.MX_TIM3_Init)
    i.Map                                    0x08002a74   Section        0  servo.o(i.Map)
    i.MemManage_Handler                      0x08002a88   Section        0  stm32f1xx_it.o(i.MemManage_Handler)
    i.NMI_Handler                            0x08002a8a   Section        0  stm32f1xx_it.o(i.NMI_Handler)
    i.PID_value_calculate                    0x08002a8c   Section        0  ir_sensor.o(i.PID_value_calculate)
    i.PWM_set_duty                           0x08002acc   Section        0  pwm.o(i.PWM_set_duty)
    i.PendSV_Handler                         0x08002af8   Section        0  stm32f1xx_it.o(i.PendSV_Handler)
    i.SVC_Handler                            0x08002afa   Section        0  stm32f1xx_it.o(i.SVC_Handler)
    i.Servo_Init                             0x08002afc   Section        0  servo.o(i.Servo_Init)
    i.Servo_Write                            0x08002b0e   Section        0  servo.o(i.Servo_Write)
    i.Set_Default_State                      0x08002b5a   Section        0  arm_driver.o(i.Set_Default_State)
    i.SysTick_Handler                        0x08002b86   Section        0  stm32f1xx_it.o(i.SysTick_Handler)
    i.SystemClock_Config                     0x08002b8a   Section        0  main.o(i.SystemClock_Config)
    i.SystemInit                             0x08002bd8   Section        0  system_stm32f1xx.o(i.SystemInit)
    i.TIM_Base_SetConfig                     0x08002bdc   Section        0  stm32f1xx_hal_tim.o(i.TIM_Base_SetConfig)
    i.TIM_CCxChannelCmd                      0x08002c48   Section        0  stm32f1xx_hal_tim.o(i.TIM_CCxChannelCmd)
    i.TIM_ETR_SetConfig                      0x08002c62   Section        0  stm32f1xx_hal_tim.o(i.TIM_ETR_SetConfig)
    i.TIM_ITRx_SetConfig                     0x08002c76   Section        0  stm32f1xx_hal_tim.o(i.TIM_ITRx_SetConfig)
    TIM_ITRx_SetConfig                       0x08002c77   Thumb Code    16  stm32f1xx_hal_tim.o(i.TIM_ITRx_SetConfig)
    i.TIM_OC1_SetConfig                      0x08002c88   Section        0  stm32f1xx_hal_tim.o(i.TIM_OC1_SetConfig)
    TIM_OC1_SetConfig                        0x08002c89   Thumb Code    74  stm32f1xx_hal_tim.o(i.TIM_OC1_SetConfig)
    i.TIM_OC2_SetConfig                      0x08002cd8   Section        0  stm32f1xx_hal_tim.o(i.TIM_OC2_SetConfig)
    i.TIM_OC3_SetConfig                      0x08002d30   Section        0  stm32f1xx_hal_tim.o(i.TIM_OC3_SetConfig)
    TIM_OC3_SetConfig                        0x08002d31   Thumb Code    82  stm32f1xx_hal_tim.o(i.TIM_OC3_SetConfig)
    i.TIM_OC4_SetConfig                      0x08002d88   Section        0  stm32f1xx_hal_tim.o(i.TIM_OC4_SetConfig)
    TIM_OC4_SetConfig                        0x08002d89   Thumb Code    64  stm32f1xx_hal_tim.o(i.TIM_OC4_SetConfig)
    i.TIM_TI1_ConfigInputStage               0x08002dcc   Section        0  stm32f1xx_hal_tim.o(i.TIM_TI1_ConfigInputStage)
    TIM_TI1_ConfigInputStage                 0x08002dcd   Thumb Code    34  stm32f1xx_hal_tim.o(i.TIM_TI1_ConfigInputStage)
    i.TIM_TI2_ConfigInputStage               0x08002dee   Section        0  stm32f1xx_hal_tim.o(i.TIM_TI2_ConfigInputStage)
    TIM_TI2_ConfigInputStage                 0x08002def   Thumb Code    36  stm32f1xx_hal_tim.o(i.TIM_TI2_ConfigInputStage)
    i.UART_DMAAbortOnError                   0x08002e12   Section        0  stm32f1xx_hal_uart.o(i.UART_DMAAbortOnError)
    UART_DMAAbortOnError                     0x08002e13   Thumb Code    16  stm32f1xx_hal_uart.o(i.UART_DMAAbortOnError)
    i.UART_EndRxTransfer                     0x08002e22   Section        0  stm32f1xx_hal_uart.o(i.UART_EndRxTransfer)
    UART_EndRxTransfer                       0x08002e23   Thumb Code    48  stm32f1xx_hal_uart.o(i.UART_EndRxTransfer)
    i.UART_Receive_IT                        0x08002e52   Section        0  stm32f1xx_hal_uart.o(i.UART_Receive_IT)
    UART_Receive_IT                          0x08002e53   Thumb Code   182  stm32f1xx_hal_uart.o(i.UART_Receive_IT)
    i.UART_SetConfig                         0x08002f08   Section        0  stm32f1xx_hal_uart.o(i.UART_SetConfig)
    UART_SetConfig                           0x08002f09   Thumb Code   178  stm32f1xx_hal_uart.o(i.UART_SetConfig)
    i.UART_Start_Receive_IT                  0x08002fc0   Section        0  stm32f1xx_hal_uart.o(i.UART_Start_Receive_IT)
    i.USART1_IRQHandler                      0x08002ff8   Section        0  stm32f1xx_it.o(i.USART1_IRQHandler)
    i.Uart_Handle                            0x08003004   Section        0  uart.o(i.Uart_Handle)
    i.Uart_Receive_Data                      0x080030c0   Section        0  uart.o(i.Uart_Receive_Data)
    i.UsageFault_Handler                     0x080030e8   Section        0  stm32f1xx_it.o(i.UsageFault_Handler)
    i.__0vsprintf                            0x080030ec   Section        0  printfa.o(i.__0vsprintf)
    i.__NVIC_SetPriority                     0x08003110   Section        0  stm32f1xx_hal_cortex.o(i.__NVIC_SetPriority)
    __NVIC_SetPriority                       0x08003111   Thumb Code    32  stm32f1xx_hal_cortex.o(i.__NVIC_SetPriority)
    i.__aeabi_errno_addr                     0x08003130   Section        0  errno.o(i.__aeabi_errno_addr)
    i.__scatterload_copy                     0x08003138   Section       14  handlers.o(i.__scatterload_copy)
    i.__scatterload_null                     0x08003146   Section        2  handlers.o(i.__scatterload_null)
    i.__scatterload_zeroinit                 0x08003148   Section       14  handlers.o(i.__scatterload_zeroinit)
    i._fp_digits                             0x08003158   Section        0  printfa.o(i._fp_digits)
    _fp_digits                               0x08003159   Thumb Code   366  printfa.o(i._fp_digits)
    i._printf_core                           0x080032dc   Section        0  printfa.o(i._printf_core)
    _printf_core                             0x080032dd   Thumb Code  1744  printfa.o(i._printf_core)
    i._printf_post_padding                   0x080039b8   Section        0  printfa.o(i._printf_post_padding)
    _printf_post_padding                     0x080039b9   Thumb Code    36  printfa.o(i._printf_post_padding)
    i._printf_pre_padding                    0x080039dc   Section        0  printfa.o(i._printf_pre_padding)
    _printf_pre_padding                      0x080039dd   Thumb Code    46  printfa.o(i._printf_pre_padding)
    i._sputc                                 0x08003a0a   Section        0  printfa.o(i._sputc)
    _sputc                                   0x08003a0b   Thumb Code    10  printfa.o(i._sputc)
    i.car_following_line_handle              0x08003a14   Section        0  ir_sensor.o(i.car_following_line_handle)
    i.car_remote_handle                      0x08003a58   Section        0  car_remote.o(i.car_remote_handle)
    i.car_state_remote_excuse                0x08003a5c   Section        0  car_remote.o(i.car_state_remote_excuse)
    i.control_motor                          0x08003aac   Section        0  motor.o(i.control_motor)
    i.delay_us                               0x08003afe   Section        0  hcsr04.o(i.delay_us)
    i.error_calculate                        0x08003b24   Section        0  ir_sensor.o(i.error_calculate)
    i.ir_sensor_read                         0x08003b9c   Section        0  ir_sensor.o(i.ir_sensor_read)
    i.lcd_clear_display                      0x08003bf4   Section        0  liquidcrystal_i2c.o(i.lcd_clear_display)
    i.lcd_init                               0x08003c06   Section        0  liquidcrystal_i2c.o(i.lcd_init)
    i.lcd_printf                             0x08003c6c   Section        0  liquidcrystal_i2c.o(i.lcd_printf)
    i.lcd_putchar                            0x08003ca6   Section        0  liquidcrystal_i2c.o(i.lcd_putchar)
    i.lcd_send_cmd                           0x08003caa   Section        0  liquidcrystal_i2c.o(i.lcd_send_cmd)
    lcd_send_cmd                             0x08003cab   Thumb Code    64  liquidcrystal_i2c.o(i.lcd_send_cmd)
    i.lcd_send_data                          0x08003cea   Section        0  liquidcrystal_i2c.o(i.lcd_send_data)
    lcd_send_data                            0x08003ceb   Thumb Code    72  liquidcrystal_i2c.o(i.lcd_send_data)
    i.lcd_set_cursor                         0x08003d34   Section        0  liquidcrystal_i2c.o(i.lcd_set_cursor)
    i.lcd_set_cursor_blink_off               0x08003d54   Section        0  liquidcrystal_i2c.o(i.lcd_set_cursor_blink_off)
    i.lcd_set_cursor_blink_on                0x08003d64   Section        0  liquidcrystal_i2c.o(i.lcd_set_cursor_blink_on)
    i.lcd_set_cursor_off                     0x08003d74   Section        0  liquidcrystal_i2c.o(i.lcd_set_cursor_off)
    i.lcd_set_cursor_on                      0x08003d84   Section        0  liquidcrystal_i2c.o(i.lcd_set_cursor_on)
    i.main                                   0x08003d94   Section        0  main.o(i.main)
    i.motor_init                             0x08003eac   Section        0  motor.o(i.motor_init)
    i.set_car_params_remote                  0x08003ec8   Section        0  car_remote.o(i.set_car_params_remote)
    .constdata                               0x08003fa4   Section       16  system_stm32f1xx.o(.constdata)
    .constdata                               0x08003fb4   Section        8  system_stm32f1xx.o(.constdata)
    .constdata                               0x08003fbc   Section       16  keypad.o(.constdata)
    .constdata                               0x08003fcc   Section      129  ctype_o.o(.constdata)
    .constdata                               0x08004050   Section        4  ctype_o.o(.constdata)
    table                                    0x08004050   Data           4  ctype_o.o(.constdata)
    .data                                    0x20000000   Section       20  main.o(.data)
    .data                                    0x20000014   Section       12  stm32f1xx_hal.o(.data)
    .data                                    0x20000020   Section        4  system_stm32f1xx.o(.data)
    .data                                    0x20000024   Section       64  keypad.o(.data)
    debouncing                               0x20000024   Data           1  keypad.o(.data)
    key_current                              0x20000025   Data           1  keypad.o(.data)
    key_last                                 0x20000026   Data           1  keypad.o(.data)
    key_debounce                             0x20000027   Data           1  keypad.o(.data)
    t_debounce                               0x20000028   Data           4  keypad.o(.data)
    t_start_press                            0x2000002c   Data           4  keypad.o(.data)
    is_press                                 0x20000030   Data           4  keypad.o(.data)
    Keypad_RowPin                            0x20000034   Data           8  keypad.o(.data)
    Keypad_ColPin                            0x2000003c   Data           8  keypad.o(.data)
    Keypad_RowPort                           0x20000044   Data          16  keypad.o(.data)
    Keypad_ColPort                           0x20000054   Data          16  keypad.o(.data)
    .data                                    0x20000064   Section        2  uart.o(.data)
    .data                                    0x20000066   Section        8  car_remote.o(.data)
    .data                                    0x2000006e   Section        6  ir_sensor.o(.data)
    P                                        0x2000006e   Data           1  ir_sensor.o(.data)
    D                                        0x2000006f   Data           1  ir_sensor.o(.data)
    Pre_Error                                0x20000070   Data           1  ir_sensor.o(.data)
    I                                        0x20000072   Data           2  ir_sensor.o(.data)
    .data                                    0x20000074   Section        4  strtok.o(.data)
    state                                    0x20000074   Data           4  strtok.o(.data)
    .data                                    0x20000078   Section        4  errno.o(.data)
    _errno                                   0x20000078   Data           4  errno.o(.data)
    .bss                                     0x2000007c   Section      464  main.o(.bss)
    .bss                                     0x2000024c   Section       30  uart.o(.bss)
    .bss                                     0x2000026c   Section       32  car_driver.o(.bss)
    STACK                                    0x20000290   Section     1024  startup_stm32f103xb.o(STACK)

    Global Symbols

    Symbol Name                              Value     Ov Type        Size  Object(Section)

    BuildAttributes$$THM_ISAv4$P$D$K$B$S$PE$A:L22UL41UL21$X:L11$S22US41US21$IEEE1$IW$USESV6$~STKCKD$USESV7$~SHL$OTIME$ROPI$EBA8$MICROLIB$REQ8$PRES8$EABIv2 0x00000000   Number         0  anon$$obj.o ABSOLUTE
    __ARM_use_no_argv                        0x00000000   Number         0  main.o ABSOLUTE
    __cpp_initialize__aeabi_                  - Undefined Weak Reference
    __cxa_finalize                            - Undefined Weak Reference
    __decompress                              - Undefined Weak Reference
    _clock_init                               - Undefined Weak Reference
    _microlib_exit                            - Undefined Weak Reference
    __Vectors_Size                           0x000000ec   Number         0  startup_stm32f103xb.o ABSOLUTE
    __Vectors                                0x08000000   Data           4  startup_stm32f103xb.o(RESET)
    __Vectors_End                            0x080000ec   Data           0  startup_stm32f103xb.o(RESET)
    __main                                   0x080000ed   Thumb Code     0  entry.o(.ARM.Collect$$$$00000000)
    _main_stk                                0x080000ed   Thumb Code     0  entry2.o(.ARM.Collect$$$$00000001)
    _main_scatterload                        0x080000f1   Thumb Code     0  entry5.o(.ARM.Collect$$$$00000004)
    __main_after_scatterload                 0x080000f5   Thumb Code     0  entry5.o(.ARM.Collect$$$$00000004)
    _main_clock                              0x080000f5   Thumb Code     0  entry7b.o(.ARM.Collect$$$$00000008)
    _main_cpp_init                           0x080000f5   Thumb Code     0  entry8b.o(.ARM.Collect$$$$0000000A)
    _main_init                               0x080000f5   Thumb Code     0  entry9a.o(.ARM.Collect$$$$0000000B)
    __rt_final_cpp                           0x080000fd   Thumb Code     0  entry10a.o(.ARM.Collect$$$$0000000D)
    __rt_final_exit                          0x080000fd   Thumb Code     0  entry11a.o(.ARM.Collect$$$$0000000F)
    Reset_Handler                            0x08000101   Thumb Code     8  startup_stm32f103xb.o(.text)
    ADC1_2_IRQHandler                        0x0800011b   Thumb Code     0  startup_stm32f103xb.o(.text)
    CAN1_RX1_IRQHandler                      0x0800011b   Thumb Code     0  startup_stm32f103xb.o(.text)
    CAN1_SCE_IRQHandler                      0x0800011b   Thumb Code     0  startup_stm32f103xb.o(.text)
    DMA1_Channel1_IRQHandler                 0x0800011b   Thumb Code     0  startup_stm32f103xb.o(.text)
    DMA1_Channel2_IRQHandler                 0x0800011b   Thumb Code     0  startup_stm32f103xb.o(.text)
    DMA1_Channel3_IRQHandler                 0x0800011b   Thumb Code     0  startup_stm32f103xb.o(.text)
    DMA1_Channel4_IRQHandler                 0x0800011b   Thumb Code     0  startup_stm32f103xb.o(.text)
    DMA1_Channel5_IRQHandler                 0x0800011b   Thumb Code     0  startup_stm32f103xb.o(.text)
    DMA1_Channel6_IRQHandler                 0x0800011b   Thumb Code     0  startup_stm32f103xb.o(.text)
    DMA1_Channel7_IRQHandler                 0x0800011b   Thumb Code     0  startup_stm32f103xb.o(.text)
    EXTI0_IRQHandler                         0x0800011b   Thumb Code     0  startup_stm32f103xb.o(.text)
    EXTI1_IRQHandler                         0x0800011b   Thumb Code     0  startup_stm32f103xb.o(.text)
    EXTI2_IRQHandler                         0x0800011b   Thumb Code     0  startup_stm32f103xb.o(.text)
    EXTI3_IRQHandler                         0x0800011b   Thumb Code     0  startup_stm32f103xb.o(.text)
    EXTI4_IRQHandler                         0x0800011b   Thumb Code     0  startup_stm32f103xb.o(.text)
    EXTI9_5_IRQHandler                       0x0800011b   Thumb Code     0  startup_stm32f103xb.o(.text)
    FLASH_IRQHandler                         0x0800011b   Thumb Code     0  startup_stm32f103xb.o(.text)
    I2C1_ER_IRQHandler                       0x0800011b   Thumb Code     0  startup_stm32f103xb.o(.text)
    I2C1_EV_IRQHandler                       0x0800011b   Thumb Code     0  startup_stm32f103xb.o(.text)
    I2C2_ER_IRQHandler                       0x0800011b   Thumb Code     0  startup_stm32f103xb.o(.text)
    I2C2_EV_IRQHandler                       0x0800011b   Thumb Code     0  startup_stm32f103xb.o(.text)
    PVD_IRQHandler                           0x0800011b   Thumb Code     0  startup_stm32f103xb.o(.text)
    RCC_IRQHandler                           0x0800011b   Thumb Code     0  startup_stm32f103xb.o(.text)
    RTC_Alarm_IRQHandler                     0x0800011b   Thumb Code     0  startup_stm32f103xb.o(.text)
    RTC_IRQHandler                           0x0800011b   Thumb Code     0  startup_stm32f103xb.o(.text)
    SPI1_IRQHandler                          0x0800011b   Thumb Code     0  startup_stm32f103xb.o(.text)
    SPI2_IRQHandler                          0x0800011b   Thumb Code     0  startup_stm32f103xb.o(.text)
    TAMPER_IRQHandler                        0x0800011b   Thumb Code     0  startup_stm32f103xb.o(.text)
    TIM1_BRK_IRQHandler                      0x0800011b   Thumb Code     0  startup_stm32f103xb.o(.text)
    TIM1_CC_IRQHandler                       0x0800011b   Thumb Code     0  startup_stm32f103xb.o(.text)
    TIM1_TRG_COM_IRQHandler                  0x0800011b   Thumb Code     0  startup_stm32f103xb.o(.text)
    TIM1_UP_IRQHandler                       0x0800011b   Thumb Code     0  startup_stm32f103xb.o(.text)
    TIM2_IRQHandler                          0x0800011b   Thumb Code     0  startup_stm32f103xb.o(.text)
    TIM3_IRQHandler                          0x0800011b   Thumb Code     0  startup_stm32f103xb.o(.text)
    TIM4_IRQHandler                          0x0800011b   Thumb Code     0  startup_stm32f103xb.o(.text)
    USART2_IRQHandler                        0x0800011b   Thumb Code     0  startup_stm32f103xb.o(.text)
    USART3_IRQHandler                        0x0800011b   Thumb Code     0  startup_stm32f103xb.o(.text)
    USBWakeUp_IRQHandler                     0x0800011b   Thumb Code     0  startup_stm32f103xb.o(.text)
    USB_HP_CAN1_TX_IRQHandler                0x0800011b   Thumb Code     0  startup_stm32f103xb.o(.text)
    USB_LP_CAN1_RX0_IRQHandler               0x0800011b   Thumb Code     0  startup_stm32f103xb.o(.text)
    WWDG_IRQHandler                          0x0800011b   Thumb Code     0  startup_stm32f103xb.o(.text)
    __aeabi_llsr                             0x08000125   Thumb Code    32  llushr.o(.text)
    _ll_ushift_r                             0x08000125   Thumb Code     0  llushr.o(.text)
    __aeabi_memset                           0x08000145   Thumb Code    14  memseta.o(.text)
    __aeabi_memset4                          0x08000145   Thumb Code     0  memseta.o(.text)
    __aeabi_memset8                          0x08000145   Thumb Code     0  memseta.o(.text)
    __aeabi_memclr                           0x08000153   Thumb Code     4  memseta.o(.text)
    __aeabi_memclr4                          0x08000153   Thumb Code     0  memseta.o(.text)
    __aeabi_memclr8                          0x08000153   Thumb Code     0  memseta.o(.text)
    _memset$wrapper                          0x08000157   Thumb Code    18  memseta.o(.text)
    strlen                                   0x08000169   Thumb Code    14  strlen.o(.text)
    strncmp                                  0x08000177   Thumb Code    30  strncmp.o(.text)
    strtok                                   0x08000195   Thumb Code    62  strtok.o(.text)
    atoi                                     0x080001d9   Thumb Code    26  atoi.o(.text)
    __aeabi_dmul                             0x080001f3   Thumb Code   228  dmul.o(.text)
    __aeabi_ui2d                             0x080002d7   Thumb Code    26  dfltui.o(.text)
    __aeabi_f2d                              0x080002f1   Thumb Code    38  f2d.o(.text)
    __aeabi_d2f                              0x08000317   Thumb Code    56  d2f.o(.text)
    __aeabi_uidiv                            0x0800034f   Thumb Code     0  uidiv.o(.text)
    __aeabi_uidivmod                         0x0800034f   Thumb Code    44  uidiv.o(.text)
    __aeabi_uldivmod                         0x0800037b   Thumb Code    98  uldiv.o(.text)
    strtol                                   0x080003dd   Thumb Code   112  strtol.o(.text)
    __I$use$fp                               0x0800044d   Thumb Code     0  iusefp.o(.text)
    _float_round                             0x0800044d   Thumb Code    18  fepilogue.o(.text)
    _float_epilogue                          0x0800045f   Thumb Code    92  fepilogue.o(.text)
    _double_round                            0x080004bb   Thumb Code    30  depilogue.o(.text)
    _double_epilogue                         0x080004d9   Thumb Code   156  depilogue.o(.text)
    __aeabi_dadd                             0x08000575   Thumb Code   322  dadd.o(.text)
    __aeabi_dsub                             0x080006b7   Thumb Code     6  dadd.o(.text)
    __aeabi_drsub                            0x080006bd   Thumb Code     6  dadd.o(.text)
    __aeabi_ddiv                             0x080006c3   Thumb Code   222  ddiv.o(.text)
    __aeabi_d2ulz                            0x080007a1   Thumb Code    48  dfixul.o(.text)
    __aeabi_cdrcmple                         0x080007d1   Thumb Code    48  cdrcmple.o(.text)
    __scatterload                            0x08000801   Thumb Code    28  init.o(.text)
    __scatterload_rt2                        0x08000801   Thumb Code     0  init.o(.text)
    __aeabi_llsl                             0x08000825   Thumb Code    30  llshl.o(.text)
    _ll_shift_l                              0x08000825   Thumb Code     0  llshl.o(.text)
    __aeabi_lasr                             0x08000843   Thumb Code    36  llsshr.o(.text)
    _ll_sshift_r                             0x08000843   Thumb Code     0  llsshr.o(.text)
    __rt_ctype_table                         0x08000869   Thumb Code     4  ctype_o.o(.text)
    _strtoul                                 0x08000871   Thumb Code   158  _strtoul.o(.text)
    _chval                                   0x0800090f   Thumb Code    28  _chval.o(.text)
    Arm_Control_by_Step                      0x0800092b   Thumb Code    92  arm_driver.o(i.Arm_Control_by_Step)
    Arm_Robot_Init                           0x08000987   Thumb Code    58  arm_driver.o(i.Arm_Robot_Init)
    BusFault_Handler                         0x080009c1   Thumb Code     2  stm32f1xx_it.o(i.BusFault_Handler)
    Car_Control                              0x080009c5   Thumb Code   150  car_driver.o(i.Car_Control)
    Car_Control_Wheels                       0x08000a61   Thumb Code    54  car_driver.o(i.Car_Control_Wheels)
    Car_Init                                 0x08000a9d   Thumb Code    54  car_driver.o(i.Car_Init)
    DebugMon_Handler                         0x08000ad9   Thumb Code     2  stm32f1xx_it.o(i.DebugMon_Handler)
    EXTI15_10_IRQHandler                     0x08000adb   Thumb Code     8  stm32f1xx_it.o(i.EXTI15_10_IRQHandler)
    EXTI_HCSR04_Callback                     0x08000ae3   Thumb Code    80  hcsr04.o(i.EXTI_HCSR04_Callback)
    HAL_DMA_Abort                            0x08000b33   Thumb Code    70  stm32f1xx_hal_dma.o(i.HAL_DMA_Abort)
    HAL_DMA_Abort_IT                         0x08000b79   Thumb Code   148  stm32f1xx_hal_dma.o(i.HAL_DMA_Abort_IT)
    HAL_Delay                                0x08000c11   Thumb Code    32  stm32f1xx_hal.o(i.HAL_Delay)
    HAL_GPIO_EXTI_Callback                   0x08000c35   Thumb Code    14  main.o(i.HAL_GPIO_EXTI_Callback)
    HAL_GPIO_EXTI_IRQHandler                 0x08000c49   Thumb Code    18  stm32f1xx_hal_gpio.o(i.HAL_GPIO_EXTI_IRQHandler)
    HAL_GPIO_Init                            0x08000c61   Thumb Code   446  stm32f1xx_hal_gpio.o(i.HAL_GPIO_Init)
    HAL_GPIO_ReadPin                         0x08000e41   Thumb Code    10  stm32f1xx_hal_gpio.o(i.HAL_GPIO_ReadPin)
    HAL_GPIO_WritePin                        0x08000e4b   Thumb Code    10  stm32f1xx_hal_gpio.o(i.HAL_GPIO_WritePin)
    HAL_GetTick                              0x08000e55   Thumb Code     6  stm32f1xx_hal.o(i.HAL_GetTick)
    HAL_I2C_Init                             0x08000e61   Thumb Code   376  stm32f1xx_hal_i2c.o(i.HAL_I2C_Init)
    HAL_I2C_Master_Transmit                  0x08000fe9   Thumb Code   290  stm32f1xx_hal_i2c.o(i.HAL_I2C_Master_Transmit)
    HAL_I2C_MspInit                          0x08001115   Thumb Code    82  stm32f1xx_hal_msp.o(i.HAL_I2C_MspInit)
    HAL_IncTick                              0x08001175   Thumb Code    12  stm32f1xx_hal.o(i.HAL_IncTick)
    HAL_Init                                 0x08001185   Thumb Code    32  stm32f1xx_hal.o(i.HAL_Init)
    HAL_InitTick                             0x080011a9   Thumb Code    54  stm32f1xx_hal.o(i.HAL_InitTick)
    HAL_MspInit                              0x080011e9   Thumb Code    52  stm32f1xx_hal_msp.o(i.HAL_MspInit)
    HAL_NVIC_EnableIRQ                       0x08001225   Thumb Code    26  stm32f1xx_hal_cortex.o(i.HAL_NVIC_EnableIRQ)
    HAL_NVIC_SetPriority                     0x08001241   Thumb Code    60  stm32f1xx_hal_cortex.o(i.HAL_NVIC_SetPriority)
    HAL_NVIC_SetPriorityGrouping             0x08001281   Thumb Code    26  stm32f1xx_hal_cortex.o(i.HAL_NVIC_SetPriorityGrouping)
    HAL_RCC_ClockConfig                      0x080012a5   Thumb Code   280  stm32f1xx_hal_rcc.o(i.HAL_RCC_ClockConfig)
    HAL_RCC_GetPCLK1Freq                     0x080013d1   Thumb Code    20  stm32f1xx_hal_rcc.o(i.HAL_RCC_GetPCLK1Freq)
    HAL_RCC_GetPCLK2Freq                     0x080013f1   Thumb Code    20  stm32f1xx_hal_rcc.o(i.HAL_RCC_GetPCLK2Freq)
    HAL_RCC_GetSysClockFreq                  0x08001411   Thumb Code    74  stm32f1xx_hal_rcc.o(i.HAL_RCC_GetSysClockFreq)
    HAL_RCC_OscConfig                        0x0800147d   Thumb Code   778  stm32f1xx_hal_rcc.o(i.HAL_RCC_OscConfig)
    HAL_SYSTICK_Config                       0x0800179d   Thumb Code    40  stm32f1xx_hal_cortex.o(i.HAL_SYSTICK_Config)
    HAL_TIMEx_ConfigBreakDeadTime            0x080017c5   Thumb Code    84  stm32f1xx_hal_tim_ex.o(i.HAL_TIMEx_ConfigBreakDeadTime)
    HAL_TIMEx_MasterConfigSynchronization    0x08001819   Thumb Code    92  stm32f1xx_hal_tim_ex.o(i.HAL_TIMEx_MasterConfigSynchronization)
    HAL_TIM_Base_Init                        0x08001881   Thumb Code    90  stm32f1xx_hal_tim.o(i.HAL_TIM_Base_Init)
    HAL_TIM_Base_MspInit                     0x080018dd   Thumb Code    74  stm32f1xx_hal_msp.o(i.HAL_TIM_Base_MspInit)
    HAL_TIM_Base_Start                       0x08001935   Thumb Code    66  stm32f1xx_hal_tim.o(i.HAL_TIM_Base_Start)
    HAL_TIM_Base_Stop                        0x08001985   Thumb Code    38  stm32f1xx_hal_tim.o(i.HAL_TIM_Base_Stop)
    HAL_TIM_ConfigClockSource                0x080019ab   Thumb Code   214  stm32f1xx_hal_tim.o(i.HAL_TIM_ConfigClockSource)
    HAL_TIM_MspPostInit                      0x08001a81   Thumb Code   122  stm32f1xx_hal_msp.o(i.HAL_TIM_MspPostInit)
    HAL_TIM_PWM_ConfigChannel                0x08001b15   Thumb Code   198  stm32f1xx_hal_tim.o(i.HAL_TIM_PWM_ConfigChannel)
    HAL_TIM_PWM_Init                         0x08001bdb   Thumb Code    90  stm32f1xx_hal_tim.o(i.HAL_TIM_PWM_Init)
    HAL_TIM_PWM_MspInit                      0x08001c35   Thumb Code     2  stm32f1xx_hal_tim.o(i.HAL_TIM_PWM_MspInit)
    HAL_TIM_PWM_Start                        0x08001c39   Thumb Code   144  stm32f1xx_hal_tim.o(i.HAL_TIM_PWM_Start)
    HAL_UARTEx_RxEventCallback               0x08001cd5   Thumb Code     2  stm32f1xx_hal_uart.o(i.HAL_UARTEx_RxEventCallback)
    HAL_UART_ErrorCallback                   0x08001cd7   Thumb Code     2  stm32f1xx_hal_uart.o(i.HAL_UART_ErrorCallback)
    HAL_UART_IRQHandler                      0x08001cd9   Thumb Code   520  stm32f1xx_hal_uart.o(i.HAL_UART_IRQHandler)
    HAL_UART_Init                            0x08001ee5   Thumb Code    98  stm32f1xx_hal_uart.o(i.HAL_UART_Init)
    HAL_UART_MspInit                         0x08001f49   Thumb Code   128  stm32f1xx_hal_msp.o(i.HAL_UART_MspInit)
    HAL_UART_Receive_IT                      0x08001fd9   Thumb Code    42  stm32f1xx_hal_uart.o(i.HAL_UART_Receive_IT)
    HAL_UART_RxCpltCallback                  0x08002005   Thumb Code    42  main.o(i.HAL_UART_RxCpltCallback)
    HAL_UART_TxCpltCallback                  0x08002039   Thumb Code     2  stm32f1xx_hal_uart.o(i.HAL_UART_TxCpltCallback)
    HCSR04_Complete_Callback                 0x0800203d   Thumb Code    72  main.o(i.HCSR04_Complete_Callback)
    HCSR04_Handle                            0x080020a1   Thumb Code    46  hcsr04.o(i.HCSR04_Handle)
    HCSR04_Init                              0x080020d9   Thumb Code    24  hcsr04.o(i.HCSR04_Init)
    HCSR04_Start                             0x080020f1   Thumb Code    44  hcsr04.o(i.HCSR04_Start)
    HardFault_Handler                        0x0800211d   Thumb Code     2  stm32f1xx_it.o(i.HardFault_Handler)
    KeypadPressedShortCallback               0x0800237f   Thumb Code     2  keypad.o(i.KeypadPressedShortCallback)
    KeypadPressingCallback                   0x08002381   Thumb Code   334  main.o(i.KeypadPressingCallback)
    KeypadPressingTimeoutCallback            0x08002539   Thumb Code    68  main.o(i.KeypadPressingTimeoutCallback)
    KeypadReleaseCallback                    0x08002599   Thumb Code     2  keypad.o(i.KeypadReleaseCallback)
    Keypad_GetKey                            0x0800259d   Thumb Code   114  keypad.o(i.Keypad_GetKey)
    Keypad_Handle                            0x08002619   Thumb Code   140  keypad.o(i.Keypad_Handle)
    Keypad_State_Handle                      0x080026a9   Thumb Code   210  main.o(i.Keypad_State_Handle)
    Map                                      0x08002a75   Thumb Code    20  servo.o(i.Map)
    MemManage_Handler                        0x08002a89   Thumb Code     2  stm32f1xx_it.o(i.MemManage_Handler)
    NMI_Handler                              0x08002a8b   Thumb Code     2  stm32f1xx_it.o(i.NMI_Handler)
    PID_value_calculate                      0x08002a8d   Thumb Code    58  ir_sensor.o(i.PID_value_calculate)
    PWM_set_duty                             0x08002acd   Thumb Code    44  pwm.o(i.PWM_set_duty)
    PendSV_Handler                           0x08002af9   Thumb Code     2  stm32f1xx_it.o(i.PendSV_Handler)
    SVC_Handler                              0x08002afb   Thumb Code     2  stm32f1xx_it.o(i.SVC_Handler)
    Servo_Init                               0x08002afd   Thumb Code    18  servo.o(i.Servo_Init)
    Servo_Write                              0x08002b0f   Thumb Code    76  servo.o(i.Servo_Write)
    Set_Default_State                        0x08002b5b   Thumb Code    44  arm_driver.o(i.Set_Default_State)
    SysTick_Handler                          0x08002b87   Thumb Code     4  stm32f1xx_it.o(i.SysTick_Handler)
    SystemClock_Config                       0x08002b8b   Thumb Code    78  main.o(i.SystemClock_Config)
    SystemInit                               0x08002bd9   Thumb Code     2  system_stm32f1xx.o(i.SystemInit)
    TIM_Base_SetConfig                       0x08002bdd   Thumb Code    94  stm32f1xx_hal_tim.o(i.TIM_Base_SetConfig)
    TIM_CCxChannelCmd                        0x08002c49   Thumb Code    26  stm32f1xx_hal_tim.o(i.TIM_CCxChannelCmd)
    TIM_ETR_SetConfig                        0x08002c63   Thumb Code    20  stm32f1xx_hal_tim.o(i.TIM_ETR_SetConfig)
    TIM_OC2_SetConfig                        0x08002cd9   Thumb Code    84  stm32f1xx_hal_tim.o(i.TIM_OC2_SetConfig)
    UART_Start_Receive_IT                    0x08002fc1   Thumb Code    54  stm32f1xx_hal_uart.o(i.UART_Start_Receive_IT)
    USART1_IRQHandler                        0x08002ff9   Thumb Code     6  stm32f1xx_it.o(i.USART1_IRQHandler)
    Uart_Handle                              0x08003005   Thumb Code   174  uart.o(i.Uart_Handle)
    Uart_Receive_Data                        0x080030c1   Thumb Code    30  uart.o(i.Uart_Receive_Data)
    UsageFault_Handler                       0x080030e9   Thumb Code     2  stm32f1xx_it.o(i.UsageFault_Handler)
    __0vsprintf                              0x080030ed   Thumb Code    30  printfa.o(i.__0vsprintf)
    __1vsprintf                              0x080030ed   Thumb Code     0  printfa.o(i.__0vsprintf)
    __2vsprintf                              0x080030ed   Thumb Code     0  printfa.o(i.__0vsprintf)
    __c89vsprintf                            0x080030ed   Thumb Code     0  printfa.o(i.__0vsprintf)
    vsprintf                                 0x080030ed   Thumb Code     0  printfa.o(i.__0vsprintf)
    __aeabi_errno_addr                       0x08003131   Thumb Code     4  errno.o(i.__aeabi_errno_addr)
    __rt_errno_addr                          0x08003131   Thumb Code     0  errno.o(i.__aeabi_errno_addr)
    __scatterload_copy                       0x08003139   Thumb Code    14  handlers.o(i.__scatterload_copy)
    __scatterload_null                       0x08003147   Thumb Code     2  handlers.o(i.__scatterload_null)
    __scatterload_zeroinit                   0x08003149   Thumb Code    14  handlers.o(i.__scatterload_zeroinit)
    car_following_line_handle                0x08003a15   Thumb Code    64  ir_sensor.o(i.car_following_line_handle)
    car_remote_handle                        0x08003a59   Thumb Code     4  car_remote.o(i.car_remote_handle)
    car_state_remote_excuse                  0x08003a5d   Thumb Code    72  car_remote.o(i.car_state_remote_excuse)
    control_motor                            0x08003aad   Thumb Code    82  motor.o(i.control_motor)
    delay_us                                 0x08003aff   Thumb Code    38  hcsr04.o(i.delay_us)
    error_calculate                          0x08003b25   Thumb Code   118  ir_sensor.o(i.error_calculate)
    ir_sensor_read                           0x08003b9d   Thumb Code    78  ir_sensor.o(i.ir_sensor_read)
    lcd_clear_display                        0x08003bf5   Thumb Code    18  liquidcrystal_i2c.o(i.lcd_clear_display)
    lcd_init                                 0x08003c07   Thumb Code   102  liquidcrystal_i2c.o(i.lcd_init)
    lcd_printf                               0x08003c6d   Thumb Code    58  liquidcrystal_i2c.o(i.lcd_printf)
    lcd_putchar                              0x08003ca7   Thumb Code     4  liquidcrystal_i2c.o(i.lcd_putchar)
    lcd_set_cursor                           0x08003d35   Thumb Code    26  liquidcrystal_i2c.o(i.lcd_set_cursor)
    lcd_set_cursor_blink_off                 0x08003d55   Thumb Code    16  liquidcrystal_i2c.o(i.lcd_set_cursor_blink_off)
    lcd_set_cursor_blink_on                  0x08003d65   Thumb Code    16  liquidcrystal_i2c.o(i.lcd_set_cursor_blink_on)
    lcd_set_cursor_off                       0x08003d75   Thumb Code    16  liquidcrystal_i2c.o(i.lcd_set_cursor_off)
    lcd_set_cursor_on                        0x08003d85   Thumb Code    16  liquidcrystal_i2c.o(i.lcd_set_cursor_on)
    main                                     0x08003d95   Thumb Code   220  main.o(i.main)
    motor_init                               0x08003ead   Thumb Code    28  motor.o(i.motor_init)
    set_car_params_remote                    0x08003ec9   Thumb Code   214  car_remote.o(i.set_car_params_remote)
    AHBPrescTable                            0x08003fa4   Data          16  system_stm32f1xx.o(.constdata)
    APBPrescTable                            0x08003fb4   Data           8  system_stm32f1xx.o(.constdata)
    key_code                                 0x08003fbc   Data          16  keypad.o(.constdata)
    __ctype_table                            0x08003fcc   Data         129  ctype_o.o(.constdata)
    Region$$Table$$Base                      0x08004054   Number         0  anon$$obj.o(Region$$Table)
    Region$$Table$$Limit                     0x08004074   Number         0  anon$$obj.o(Region$$Table)
    keypad_state                             0x20000000   Data           1  main.o(.data)
    count_err                                0x20000001   Data           1  main.o(.data)
    keypad_flag                              0x20000002   Data           1  main.o(.data)
    robot_state                              0x20000003   Data           1  main.o(.data)
    rx_data                                  0x20000004   Data           1  main.o(.data)
    time_lock_start                          0x20000006   Data           2  main.o(.data)
    hcsr04_time                              0x20000008   Data           4  main.o(.data)
    default_pass                             0x2000000c   Data           8  main.o(.data)
    uwTickFreq                               0x20000014   Data           1  stm32f1xx_hal.o(.data)
    uwTickPrio                               0x20000018   Data           4  stm32f1xx_hal.o(.data)
    uwTick                                   0x2000001c   Data           4  stm32f1xx_hal.o(.data)
    SystemCoreClock                          0x20000020   Data           4  system_stm32f1xx.o(.data)
    buff_id                                  0x20000064   Data           1  uart.o(.data)
    rx_cpl_flag                              0x20000065   Data           1  uart.o(.data)
    remote_state                             0x20000066   Data           1  car_remote.o(.data)
    flag_arm                                 0x20000067   Data           1  car_remote.o(.data)
    car_state                                0x20000068   Data           1  car_remote.o(.data)
    SPEED                                    0x20000069   Data           1  car_remote.o(.data)
    arm_step                                 0x2000006a   Data           4  car_remote.o(.data)
    follow_line_state                        0x20000071   Data           1  ir_sensor.o(.data)
    hi2c2                                    0x2000007c   Data          84  main.o(.bss)
    htim1                                    0x200000d0   Data          72  main.o(.bss)
    htim2                                    0x20000118   Data          72  main.o(.bss)
    htim3                                    0x20000160   Data          72  main.o(.bss)
    huart1                                   0x200001a8   Data          68  main.o(.bss)
    hlcd1                                    0x200001ec   Data          12  main.o(.bss)
    arm_robot                                0x200001f8   Data          48  main.o(.bss)
    password                                 0x20000228   Data           9  main.o(.bss)
    my_hcsr04                                0x20000234   Data          24  main.o(.bss)
    buff_data                                0x2000024c   Data          30  uart.o(.bss)
    motor_left                               0x2000026c   Data          16  car_driver.o(.bss)
    motor_right                              0x2000027c   Data          16  car_driver.o(.bss)
    __initial_sp                             0x20000690   Data           0  startup_stm32f103xb.o(STACK)



==============================================================================

Memory Map of the image

  Image Entry point : 0x080000ed

  Load Region LR_IROM1 (Base: 0x08000000, Size: 0x000040f0, Max: 0x00010000, ABSOLUTE)

    Execution Region ER_IROM1 (Exec base: 0x08000000, Load base: 0x08000000, Size: 0x00004074, Max: 0x00010000, ABSOLUTE)

    Exec Addr    Load Addr    Size         Type   Attr      Idx    E Section Name        Object

    0x08000000   0x08000000   0x000000ec   Data   RO            3    RESET               startup_stm32f103xb.o
    0x080000ec   0x080000ec   0x00000000   Code   RO         3747  * .ARM.Collect$$$$00000000  mc_w.l(entry.o)
    0x080000ec   0x080000ec   0x00000004   Code   RO         3802    .ARM.Collect$$$$00000001  mc_w.l(entry2.o)
    0x080000f0   0x080000f0   0x00000004   Code   RO         3805    .ARM.Collect$$$$00000004  mc_w.l(entry5.o)
    0x080000f4   0x080000f4   0x00000000   Code   RO         3807    .ARM.Collect$$$$00000008  mc_w.l(entry7b.o)
    0x080000f4   0x080000f4   0x00000000   Code   RO         3809    .ARM.Collect$$$$0000000A  mc_w.l(entry8b.o)
    0x080000f4   0x080000f4   0x00000008   Code   RO         3810    .ARM.Collect$$$$0000000B  mc_w.l(entry9a.o)
    0x080000fc   0x080000fc   0x00000000   Code   RO         3812    .ARM.Collect$$$$0000000D  mc_w.l(entry10a.o)
    0x080000fc   0x080000fc   0x00000000   Code   RO         3814    .ARM.Collect$$$$0000000F  mc_w.l(entry11a.o)
    0x080000fc   0x080000fc   0x00000004   Code   RO         3803    .ARM.Collect$$$$00002712  mc_w.l(entry2.o)
    0x08000100   0x08000100   0x00000024   Code   RO            4    .text               startup_stm32f103xb.o
    0x08000124   0x08000124   0x00000020   Code   RO         3750    .text               mc_w.l(llushr.o)
    0x08000144   0x08000144   0x00000024   Code   RO         3752    .text               mc_w.l(memseta.o)
    0x08000168   0x08000168   0x0000000e   Code   RO         3754    .text               mc_w.l(strlen.o)
    0x08000176   0x08000176   0x0000001e   Code   RO         3756    .text               mc_w.l(strncmp.o)
    0x08000194   0x08000194   0x00000044   Code   RO         3758    .text               mc_w.l(strtok.o)
    0x080001d8   0x080001d8   0x0000001a   Code   RO         3792    .text               mc_w.l(atoi.o)
    0x080001f2   0x080001f2   0x000000e4   Code   RO         3794    .text               mf_w.l(dmul.o)
    0x080002d6   0x080002d6   0x0000001a   Code   RO         3796    .text               mf_w.l(dfltui.o)
    0x080002f0   0x080002f0   0x00000026   Code   RO         3798    .text               mf_w.l(f2d.o)
    0x08000316   0x08000316   0x00000038   Code   RO         3800    .text               mf_w.l(d2f.o)
    0x0800034e   0x0800034e   0x0000002c   Code   RO         3819    .text               mc_w.l(uidiv.o)
    0x0800037a   0x0800037a   0x00000062   Code   RO         3821    .text               mc_w.l(uldiv.o)
    0x080003dc   0x080003dc   0x00000070   Code   RO         3830    .text               mc_w.l(strtol.o)
    0x0800044c   0x0800044c   0x00000000   Code   RO         3832    .text               mc_w.l(iusefp.o)
    0x0800044c   0x0800044c   0x0000006e   Code   RO         3833    .text               mf_w.l(fepilogue.o)
    0x080004ba   0x080004ba   0x000000ba   Code   RO         3835    .text               mf_w.l(depilogue.o)
    0x08000574   0x08000574   0x0000014e   Code   RO         3837    .text               mf_w.l(dadd.o)
    0x080006c2   0x080006c2   0x000000de   Code   RO         3839    .text               mf_w.l(ddiv.o)
    0x080007a0   0x080007a0   0x00000030   Code   RO         3841    .text               mf_w.l(dfixul.o)
    0x080007d0   0x080007d0   0x00000030   Code   RO         3843    .text               mf_w.l(cdrcmple.o)
    0x08000800   0x08000800   0x00000024   Code   RO         3845    .text               mc_w.l(init.o)
    0x08000824   0x08000824   0x0000001e   Code   RO         3848    .text               mc_w.l(llshl.o)
    0x08000842   0x08000842   0x00000024   Code   RO         3850    .text               mc_w.l(llsshr.o)
    0x08000866   0x08000866   0x00000002   PAD
    0x08000868   0x08000868   0x00000008   Code   RO         3852    .text               mc_w.l(ctype_o.o)
    0x08000870   0x08000870   0x0000009e   Code   RO         3880    .text               mc_w.l(_strtoul.o)
    0x0800090e   0x0800090e   0x0000001c   Code   RO         3883    .text               mc_w.l(_chval.o)
    0x0800092a   0x0800092a   0x0000005c   Code   RO         3666    i.Arm_Control_by_Step  arm_driver.o
    0x08000986   0x08000986   0x0000003a   Code   RO         3668    i.Arm_Robot_Init    arm_driver.o
    0x080009c0   0x080009c0   0x00000002   Code   RO          231    i.BusFault_Handler  stm32f1xx_it.o
    0x080009c2   0x080009c2   0x00000002   PAD
    0x080009c4   0x080009c4   0x0000009c   Code   RO         3533    i.Car_Control       car_driver.o
    0x08000a60   0x08000a60   0x0000003c   Code   RO         3534    i.Car_Control_Wheels  car_driver.o
    0x08000a9c   0x08000a9c   0x0000003c   Code   RO         3535    i.Car_Init          car_driver.o
    0x08000ad8   0x08000ad8   0x00000002   Code   RO          232    i.DebugMon_Handler  stm32f1xx_it.o
    0x08000ada   0x08000ada   0x00000008   Code   RO          233    i.EXTI15_10_IRQHandler  stm32f1xx_it.o
    0x08000ae2   0x08000ae2   0x00000050   Code   RO         3451    i.EXTI_HCSR04_Callback  hcsr04.o
    0x08000b32   0x08000b32   0x00000046   Code   RO         1232    i.HAL_DMA_Abort     stm32f1xx_hal_dma.o
    0x08000b78   0x08000b78   0x00000098   Code   RO         1233    i.HAL_DMA_Abort_IT  stm32f1xx_hal_dma.o
    0x08000c10   0x08000c10   0x00000024   Code   RO          860    i.HAL_Delay         stm32f1xx_hal.o
    0x08000c34   0x08000c34   0x00000014   Code   RO           14    i.HAL_GPIO_EXTI_Callback  main.o
    0x08000c48   0x08000c48   0x00000018   Code   RO         1167    i.HAL_GPIO_EXTI_IRQHandler  stm32f1xx_hal_gpio.o
    0x08000c60   0x08000c60   0x000001e0   Code   RO         1168    i.HAL_GPIO_Init     stm32f1xx_hal_gpio.o
    0x08000e40   0x08000e40   0x0000000a   Code   RO         1170    i.HAL_GPIO_ReadPin  stm32f1xx_hal_gpio.o
    0x08000e4a   0x08000e4a   0x0000000a   Code   RO         1172    i.HAL_GPIO_WritePin  stm32f1xx_hal_gpio.o
    0x08000e54   0x08000e54   0x0000000c   Code   RO          864    i.HAL_GetTick       stm32f1xx_hal.o
    0x08000e60   0x08000e60   0x00000188   Code   RO          432    i.HAL_I2C_Init      stm32f1xx_hal_i2c.o
    0x08000fe8   0x08000fe8   0x0000012c   Code   RO          445    i.HAL_I2C_Master_Transmit  stm32f1xx_hal_i2c.o
    0x08001114   0x08001114   0x00000060   Code   RO          320    i.HAL_I2C_MspInit   stm32f1xx_hal_msp.o
    0x08001174   0x08001174   0x00000010   Code   RO          870    i.HAL_IncTick       stm32f1xx_hal.o
    0x08001184   0x08001184   0x00000024   Code   RO          871    i.HAL_Init          stm32f1xx_hal.o
    0x080011a8   0x080011a8   0x00000040   Code   RO          872    i.HAL_InitTick      stm32f1xx_hal.o
    0x080011e8   0x080011e8   0x0000003c   Code   RO          321    i.HAL_MspInit       stm32f1xx_hal_msp.o
    0x08001224   0x08001224   0x0000001a   Code   RO         1328    i.HAL_NVIC_EnableIRQ  stm32f1xx_hal_cortex.o
    0x0800123e   0x0800123e   0x00000002   PAD
    0x08001240   0x08001240   0x00000040   Code   RO         1334    i.HAL_NVIC_SetPriority  stm32f1xx_hal_cortex.o
    0x08001280   0x08001280   0x00000024   Code   RO         1335    i.HAL_NVIC_SetPriorityGrouping  stm32f1xx_hal_cortex.o
    0x080012a4   0x080012a4   0x0000012c   Code   RO         1028    i.HAL_RCC_ClockConfig  stm32f1xx_hal_rcc.o
    0x080013d0   0x080013d0   0x00000020   Code   RO         1035    i.HAL_RCC_GetPCLK1Freq  stm32f1xx_hal_rcc.o
    0x080013f0   0x080013f0   0x00000020   Code   RO         1036    i.HAL_RCC_GetPCLK2Freq  stm32f1xx_hal_rcc.o
    0x08001410   0x08001410   0x0000006c   Code   RO         1037    i.HAL_RCC_GetSysClockFreq  stm32f1xx_hal_rcc.o
    0x0800147c   0x0800147c   0x00000320   Code   RO         1040    i.HAL_RCC_OscConfig  stm32f1xx_hal_rcc.o
    0x0800179c   0x0800179c   0x00000028   Code   RO         1339    i.HAL_SYSTICK_Config  stm32f1xx_hal_cortex.o
    0x080017c4   0x080017c4   0x00000054   Code   RO         2537    i.HAL_TIMEx_ConfigBreakDeadTime  stm32f1xx_hal_tim_ex.o
    0x08001818   0x08001818   0x00000068   Code   RO         2553    i.HAL_TIMEx_MasterConfigSynchronization  stm32f1xx_hal_tim_ex.o
    0x08001880   0x08001880   0x0000005a   Code   RO         1830    i.HAL_TIM_Base_Init  stm32f1xx_hal_tim.o
    0x080018da   0x080018da   0x00000002   PAD
    0x080018dc   0x080018dc   0x00000058   Code   RO          323    i.HAL_TIM_Base_MspInit  stm32f1xx_hal_msp.o
    0x08001934   0x08001934   0x00000050   Code   RO         1833    i.HAL_TIM_Base_Start  stm32f1xx_hal_tim.o
    0x08001984   0x08001984   0x00000026   Code   RO         1836    i.HAL_TIM_Base_Stop  stm32f1xx_hal_tim.o
    0x080019aa   0x080019aa   0x000000d6   Code   RO         1839    i.HAL_TIM_ConfigClockSource  stm32f1xx_hal_tim.o
    0x08001a80   0x08001a80   0x00000094   Code   RO          324    i.HAL_TIM_MspPostInit  stm32f1xx_hal_msp.o
    0x08001b14   0x08001b14   0x000000c6   Code   RO         1902    i.HAL_TIM_PWM_ConfigChannel  stm32f1xx_hal_tim.o
    0x08001bda   0x08001bda   0x0000005a   Code   RO         1905    i.HAL_TIM_PWM_Init  stm32f1xx_hal_tim.o
    0x08001c34   0x08001c34   0x00000002   Code   RO         1907    i.HAL_TIM_PWM_MspInit  stm32f1xx_hal_tim.o
    0x08001c36   0x08001c36   0x00000002   PAD
    0x08001c38   0x08001c38   0x0000009c   Code   RO         1910    i.HAL_TIM_PWM_Start  stm32f1xx_hal_tim.o
    0x08001cd4   0x08001cd4   0x00000002   Code   RO         2812    i.HAL_UARTEx_RxEventCallback  stm32f1xx_hal_uart.o
    0x08001cd6   0x08001cd6   0x00000002   Code   RO         2826    i.HAL_UART_ErrorCallback  stm32f1xx_hal_uart.o
    0x08001cd8   0x08001cd8   0x0000020c   Code   RO         2829    i.HAL_UART_IRQHandler  stm32f1xx_hal_uart.o
    0x08001ee4   0x08001ee4   0x00000062   Code   RO         2830    i.HAL_UART_Init     stm32f1xx_hal_uart.o
    0x08001f46   0x08001f46   0x00000002   PAD
    0x08001f48   0x08001f48   0x00000090   Code   RO          326    i.HAL_UART_MspInit  stm32f1xx_hal_msp.o
    0x08001fd8   0x08001fd8   0x0000002a   Code   RO         2835    i.HAL_UART_Receive_IT  stm32f1xx_hal_uart.o
    0x08002002   0x08002002   0x00000002   PAD
    0x08002004   0x08002004   0x00000034   Code   RO           15    i.HAL_UART_RxCpltCallback  main.o
    0x08002038   0x08002038   0x00000002   Code   RO         2841    i.HAL_UART_TxCpltCallback  stm32f1xx_hal_uart.o
    0x0800203a   0x0800203a   0x00000002   PAD
    0x0800203c   0x0800203c   0x00000064   Code   RO           16    i.HCSR04_Complete_Callback  main.o
    0x080020a0   0x080020a0   0x00000038   Code   RO         3453    i.HCSR04_Handle     hcsr04.o
    0x080020d8   0x080020d8   0x00000018   Code   RO         3454    i.HCSR04_Init       hcsr04.o
    0x080020f0   0x080020f0   0x0000002c   Code   RO         3455    i.HCSR04_Start      hcsr04.o
    0x0800211c   0x0800211c   0x00000002   Code   RO          234    i.HardFault_Handler  stm32f1xx_it.o
    0x0800211e   0x0800211e   0x0000002e   Code   RO          474    i.I2C_IsAcknowledgeFailed  stm32f1xx_hal_i2c.o
    0x0800214c   0x0800214c   0x0000009c   Code   RO          478    i.I2C_MasterRequestWrite  stm32f1xx_hal_i2c.o
    0x080021e8   0x080021e8   0x0000004c   Code   RO          489    i.I2C_WaitOnBTFFlagUntilTimeout  stm32f1xx_hal_i2c.o
    0x08002234   0x08002234   0x00000068   Code   RO          490    i.I2C_WaitOnFlagUntilTimeout  stm32f1xx_hal_i2c.o
    0x0800229c   0x0800229c   0x00000096   Code   RO          491    i.I2C_WaitOnMasterAddressFlagUntilTimeout  stm32f1xx_hal_i2c.o
    0x08002332   0x08002332   0x0000004c   Code   RO          493    i.I2C_WaitOnTXEFlagUntilTimeout  stm32f1xx_hal_i2c.o
    0x0800237e   0x0800237e   0x00000002   Code   RO         3196    i.KeypadPressedShortCallback  keypad.o
    0x08002380   0x08002380   0x000001b8   Code   RO           17    i.KeypadPressingCallback  main.o
    0x08002538   0x08002538   0x00000060   Code   RO           18    i.KeypadPressingTimeoutCallback  main.o
    0x08002598   0x08002598   0x00000002   Code   RO         3199    i.KeypadReleaseCallback  keypad.o
    0x0800259a   0x0800259a   0x00000002   PAD
    0x0800259c   0x0800259c   0x0000007c   Code   RO         3200    i.Keypad_GetKey     keypad.o
    0x08002618   0x08002618   0x00000090   Code   RO         3201    i.Keypad_Handle     keypad.o
    0x080026a8   0x080026a8   0x00000108   Code   RO           19    i.Keypad_State_Handle  main.o
    0x080027b0   0x080027b0   0x0000012c   Code   RO           20    i.MX_GPIO_Init      main.o
    0x080028dc   0x080028dc   0x000000b0   Code   RO           21    i.MX_TIM1_Init      main.o
    0x0800298c   0x0800298c   0x00000050   Code   RO           22    i.MX_TIM2_Init      main.o
    0x080029dc   0x080029dc   0x00000098   Code   RO           23    i.MX_TIM3_Init      main.o
    0x08002a74   0x08002a74   0x00000014   Code   RO         3708    i.Map               servo.o
    0x08002a88   0x08002a88   0x00000002   Code   RO          235    i.MemManage_Handler  stm32f1xx_it.o
    0x08002a8a   0x08002a8a   0x00000002   Code   RO          236    i.NMI_Handler       stm32f1xx_it.o
    0x08002a8c   0x08002a8c   0x00000040   Code   RO         3621    i.PID_value_calculate  ir_sensor.o
    0x08002acc   0x08002acc   0x0000002c   Code   RO         3427    i.PWM_set_duty      pwm.o
    0x08002af8   0x08002af8   0x00000002   Code   RO          237    i.PendSV_Handler    stm32f1xx_it.o
    0x08002afa   0x08002afa   0x00000002   Code   RO          238    i.SVC_Handler       stm32f1xx_it.o
    0x08002afc   0x08002afc   0x00000012   Code   RO         3709    i.Servo_Init        servo.o
    0x08002b0e   0x08002b0e   0x0000004c   Code   RO         3711    i.Servo_Write       servo.o
    0x08002b5a   0x08002b5a   0x0000002c   Code   RO         3669    i.Set_Default_State  arm_driver.o
    0x08002b86   0x08002b86   0x00000004   Code   RO          239    i.SysTick_Handler   stm32f1xx_it.o
    0x08002b8a   0x08002b8a   0x0000004e   Code   RO           24    i.SystemClock_Config  main.o
    0x08002bd8   0x08002bd8   0x00000002   Code   RO         3159    i.SystemInit        system_stm32f1xx.o
    0x08002bda   0x08002bda   0x00000002   PAD
    0x08002bdc   0x08002bdc   0x0000006c   Code   RO         1923    i.TIM_Base_SetConfig  stm32f1xx_hal_tim.o
    0x08002c48   0x08002c48   0x0000001a   Code   RO         1924    i.TIM_CCxChannelCmd  stm32f1xx_hal_tim.o
    0x08002c62   0x08002c62   0x00000014   Code   RO         1934    i.TIM_ETR_SetConfig  stm32f1xx_hal_tim.o
    0x08002c76   0x08002c76   0x00000010   Code   RO         1935    i.TIM_ITRx_SetConfig  stm32f1xx_hal_tim.o
    0x08002c86   0x08002c86   0x00000002   PAD
    0x08002c88   0x08002c88   0x00000050   Code   RO         1936    i.TIM_OC1_SetConfig  stm32f1xx_hal_tim.o
    0x08002cd8   0x08002cd8   0x00000058   Code   RO         1937    i.TIM_OC2_SetConfig  stm32f1xx_hal_tim.o
    0x08002d30   0x08002d30   0x00000058   Code   RO         1938    i.TIM_OC3_SetConfig  stm32f1xx_hal_tim.o
    0x08002d88   0x08002d88   0x00000044   Code   RO         1939    i.TIM_OC4_SetConfig  stm32f1xx_hal_tim.o
    0x08002dcc   0x08002dcc   0x00000022   Code   RO         1941    i.TIM_TI1_ConfigInputStage  stm32f1xx_hal_tim.o
    0x08002dee   0x08002dee   0x00000024   Code   RO         1943    i.TIM_TI2_ConfigInputStage  stm32f1xx_hal_tim.o
    0x08002e12   0x08002e12   0x00000010   Code   RO         2843    i.UART_DMAAbortOnError  stm32f1xx_hal_uart.o
    0x08002e22   0x08002e22   0x00000030   Code   RO         2853    i.UART_EndRxTransfer  stm32f1xx_hal_uart.o
    0x08002e52   0x08002e52   0x000000b6   Code   RO         2855    i.UART_Receive_IT   stm32f1xx_hal_uart.o
    0x08002f08   0x08002f08   0x000000b8   Code   RO         2856    i.UART_SetConfig    stm32f1xx_hal_uart.o
    0x08002fc0   0x08002fc0   0x00000036   Code   RO         2858    i.UART_Start_Receive_IT  stm32f1xx_hal_uart.o
    0x08002ff6   0x08002ff6   0x00000002   PAD
    0x08002ff8   0x08002ff8   0x0000000c   Code   RO          240    i.USART1_IRQHandler  stm32f1xx_it.o
    0x08003004   0x08003004   0x000000bc   Code   RO         3502    i.Uart_Handle       uart.o
    0x080030c0   0x080030c0   0x00000028   Code   RO         3503    i.Uart_Receive_Data  uart.o
    0x080030e8   0x080030e8   0x00000002   Code   RO          241    i.UsageFault_Handler  stm32f1xx_it.o
    0x080030ea   0x080030ea   0x00000002   PAD
    0x080030ec   0x080030ec   0x00000024   Code   RO         3771    i.__0vsprintf       mc_w.l(printfa.o)
    0x08003110   0x08003110   0x00000020   Code   RO         1341    i.__NVIC_SetPriority  stm32f1xx_hal_cortex.o
    0x08003130   0x08003130   0x00000008   Code   RO         3823    i.__aeabi_errno_addr  mc_w.l(errno.o)
    0x08003138   0x08003138   0x0000000e   Code   RO         3887    i.__scatterload_copy  mc_w.l(handlers.o)
    0x08003146   0x08003146   0x00000002   Code   RO         3888    i.__scatterload_null  mc_w.l(handlers.o)
    0x08003148   0x08003148   0x0000000e   Code   RO         3889    i.__scatterload_zeroinit  mc_w.l(handlers.o)
    0x08003156   0x08003156   0x00000002   PAD
    0x08003158   0x08003158   0x00000184   Code   RO         3772    i._fp_digits        mc_w.l(printfa.o)
    0x080032dc   0x080032dc   0x000006dc   Code   RO         3773    i._printf_core      mc_w.l(printfa.o)
    0x080039b8   0x080039b8   0x00000024   Code   RO         3774    i._printf_post_padding  mc_w.l(printfa.o)
    0x080039dc   0x080039dc   0x0000002e   Code   RO         3775    i._printf_pre_padding  mc_w.l(printfa.o)
    0x08003a0a   0x08003a0a   0x0000000a   Code   RO         3777    i._sputc            mc_w.l(printfa.o)
    0x08003a14   0x08003a14   0x00000044   Code   RO         3622    i.car_following_line_handle  ir_sensor.o
    0x08003a58   0x08003a58   0x00000004   Code   RO         3572    i.car_remote_handle  car_remote.o
    0x08003a5c   0x08003a5c   0x00000050   Code   RO         3573    i.car_state_remote_excuse  car_remote.o
    0x08003aac   0x08003aac   0x00000052   Code   RO         3391    i.control_motor     motor.o
    0x08003afe   0x08003afe   0x00000026   Code   RO         3456    i.delay_us          hcsr04.o
    0x08003b24   0x08003b24   0x00000076   Code   RO         3623    i.error_calculate   ir_sensor.o
    0x08003b9a   0x08003b9a   0x00000002   PAD
    0x08003b9c   0x08003b9c   0x00000058   Code   RO         3624    i.ir_sensor_read    ir_sensor.o
    0x08003bf4   0x08003bf4   0x00000012   Code   RO         3262    i.lcd_clear_display  liquidcrystal_i2c.o
    0x08003c06   0x08003c06   0x00000066   Code   RO         3266    i.lcd_init          liquidcrystal_i2c.o
    0x08003c6c   0x08003c6c   0x0000003a   Code   RO         3267    i.lcd_printf        liquidcrystal_i2c.o
    0x08003ca6   0x08003ca6   0x00000004   Code   RO         3268    i.lcd_putchar       liquidcrystal_i2c.o
    0x08003caa   0x08003caa   0x00000040   Code   RO         3269    i.lcd_send_cmd      liquidcrystal_i2c.o
    0x08003cea   0x08003cea   0x00000048   Code   RO         3270    i.lcd_send_data     liquidcrystal_i2c.o
    0x08003d32   0x08003d32   0x00000002   PAD
    0x08003d34   0x08003d34   0x00000020   Code   RO         3271    i.lcd_set_cursor    liquidcrystal_i2c.o
    0x08003d54   0x08003d54   0x00000010   Code   RO         3272    i.lcd_set_cursor_blink_off  liquidcrystal_i2c.o
    0x08003d64   0x08003d64   0x00000010   Code   RO         3273    i.lcd_set_cursor_blink_on  liquidcrystal_i2c.o
    0x08003d74   0x08003d74   0x00000010   Code   RO         3274    i.lcd_set_cursor_off  liquidcrystal_i2c.o
    0x08003d84   0x08003d84   0x00000010   Code   RO         3275    i.lcd_set_cursor_on  liquidcrystal_i2c.o
    0x08003d94   0x08003d94   0x00000118   Code   RO           25    i.main              main.o
    0x08003eac   0x08003eac   0x0000001c   Code   RO         3392    i.motor_init        motor.o
    0x08003ec8   0x08003ec8   0x000000dc   Code   RO         3574    i.set_car_params_remote  car_remote.o
    0x08003fa4   0x08003fa4   0x00000010   Data   RO         3160    .constdata          system_stm32f1xx.o
    0x08003fb4   0x08003fb4   0x00000008   Data   RO         3161    .constdata          system_stm32f1xx.o
    0x08003fbc   0x08003fbc   0x00000010   Data   RO         3203    .constdata          keypad.o
    0x08003fcc   0x08003fcc   0x00000081   Data   RO         3853    .constdata          mc_w.l(ctype_o.o)
    0x0800404d   0x0800404d   0x00000003   PAD
    0x08004050   0x08004050   0x00000004   Data   RO         3854    .constdata          mc_w.l(ctype_o.o)
    0x08004054   0x08004054   0x00000020   Data   RO         3885    Region$$Table       anon$$obj.o


    Execution Region RW_IRAM1 (Exec base: 0x20000000, Load base: 0x08004074, Size: 0x00000690, Max: 0x00005000, ABSOLUTE)

    Exec Addr    Load Addr    Size         Type   Attr      Idx    E Section Name        Object

    0x20000000   0x08004074   0x00000014   Data   RW           27    .data               main.o
    0x20000014   0x08004088   0x0000000c   Data   RW          878    .data               stm32f1xx_hal.o
    0x20000020   0x08004094   0x00000004   Data   RW         3162    .data               system_stm32f1xx.o
    0x20000024   0x08004098   0x00000040   Data   RW         3204    .data               keypad.o
    0x20000064   0x080040d8   0x00000002   Data   RW         3505    .data               uart.o
    0x20000066   0x080040da   0x00000008   Data   RW         3575    .data               car_remote.o
    0x2000006e   0x080040e2   0x00000006   Data   RW         3625    .data               ir_sensor.o
    0x20000074   0x080040e8   0x00000004   Data   RW         3759    .data               mc_w.l(strtok.o)
    0x20000078   0x080040ec   0x00000004   Data   RW         3826    .data               mc_w.l(errno.o)
    0x2000007c        -       0x000001d0   Zero   RW           26    .bss                main.o
    0x2000024c        -       0x0000001e   Zero   RW         3504    .bss                uart.o
    0x2000026a   0x080040f0   0x00000002   PAD
    0x2000026c        -       0x00000020   Zero   RW         3536    .bss                car_driver.o
    0x2000028c   0x080040f0   0x00000004   PAD
    0x20000290        -       0x00000400   Zero   RW            1    STACK               startup_stm32f103xb.o


==============================================================================

Image component sizes


      Code (inc. data)   RO Data    RW Data    ZI Data      Debug   Object Name

       194          0          0          0          0       2155   arm_driver.o
       276         28          0          0         32       2363   car_driver.o
       304         14          0          8          0       2359   car_remote.o
       242         10          0          0          0       2899   hcsr04.o
       338         28          0          6          0       3049   ir_sensor.o
       272         14         16         64          0       3072   keypad.o
       414          6          0          0          0       6865   liquidcrystal_i2c.o
      2038        336          0         20        464     445088   main.o
       110          0          0          0          0       2001   motor.o
        44          0          0          0          0        807   pwm.o
       114          0          0          0          0       2037   servo.o
        36          8        236          0       1024        784   startup_stm32f103xb.o
       164         28          0         12          0       5741   stm32f1xx_hal.o
       198         14          0          0          0      28815   stm32f1xx_hal_cortex.o
       222          4          0          0          0       1711   stm32f1xx_hal_dma.o
       524         40          0          0          0       4014   stm32f1xx_hal_gpio.o
      1300         32          0          0          0       8733   stm32f1xx_hal_i2c.o
       536         78          0          0          0       3608   stm32f1xx_hal_msp.o
      1272        100          0          0          0       5068   stm32f1xx_hal_rcc.o
      1432         60          0          0          0      13021   stm32f1xx_hal_tim.o
       188         12          0          0          0       2052   stm32f1xx_hal_tim_ex.o
      1154         10          0          0          0       8220   stm32f1xx_hal_uart.o
        40          6          0          0          0       4521   stm32f1xx_it.o
         2          0         24          4          0       1059   system_stm32f1xx.o
       228         24          0          2         30       1782   uart.o

    ----------------------------------------------------------------------
     11670        852        308        116       1556     561824   Object Totals
         0          0         32          0          0          0   (incl. Generated)
        28          0          0          0          6          0   (incl. Padding)

    ----------------------------------------------------------------------

      Code (inc. data)   RO Data    RW Data    ZI Data      Debug   Library Member Name

        28          0          0          0          0         68   _chval.o
       158          0          0          0          0         92   _strtoul.o
        26          0          0          0          0         80   atoi.o
         8          4        133          0          0         68   ctype_o.o
         0          0          0          0          0          0   entry.o
         0          0          0          0          0          0   entry10a.o
         0          0          0          0          0          0   entry11a.o
         8          4          0          0          0          0   entry2.o
         4          0          0          0          0          0   entry5.o
         0          0          0          0          0          0   entry7b.o
         0          0          0          0          0          0   entry8b.o
         8          4          0          0          0          0   entry9a.o
         8          4          0          4          0         68   errno.o
        30          0          0          0          0          0   handlers.o
        36          8          0          0          0         68   init.o
         0          0          0          0          0          0   iusefp.o
        30          0          0          0          0         68   llshl.o
        36          0          0          0          0         68   llsshr.o
        32          0          0          0          0         68   llushr.o
        36          0          0          0          0        108   memseta.o
      2272         86          0          0          0        516   printfa.o
        14          0          0          0          0         68   strlen.o
        30          0          0          0          0         80   strncmp.o
        68          6          0          4          0         80   strtok.o
       112          0          0          0          0         88   strtol.o
        44          0          0          0          0         80   uidiv.o
        98          0          0          0          0         92   uldiv.o
        48          0          0          0          0         68   cdrcmple.o
        56          0          0          0          0         88   d2f.o
       334          0          0          0          0        148   dadd.o
       222          0          0          0          0        100   ddiv.o
       186          0          0          0          0        176   depilogue.o
        48          0          0          0          0         68   dfixul.o
        26          0          0          0          0         76   dfltui.o
       228          0          0          0          0         96   dmul.o
        38          0          0          0          0         68   f2d.o
       110          0          0          0          0        168   fepilogue.o

    ----------------------------------------------------------------------
      4386        116        136          8          0       2816   Library Totals
         4          0          3          0          0          0   (incl. Padding)

    ----------------------------------------------------------------------

      Code (inc. data)   RO Data    RW Data    ZI Data      Debug   Library Name

      3086        116        133          8          0       1760   mc_w.l
      1296          0          0          0          0       1056   mf_w.l

    ----------------------------------------------------------------------
      4386        116        136          8          0       2816   Library Totals

    ----------------------------------------------------------------------

==============================================================================


      Code (inc. data)   RO Data    RW Data    ZI Data      Debug   

     16056        968        444        124       1556     556680   Grand Totals
     16056        968        444        124       1556     556680   ELF Image Totals
     16056        968        444        124          0          0   ROM Totals

==============================================================================

    Total RO  Size (Code + RO Data)                16500 (  16.11kB)
    Total RW  Size (RW Data + ZI Data)              1680 (   1.64kB)
    Total ROM Size (Code + RO Data + RW Data)      16624 (  16.23kB)

==============================================================================

